 mediasdkvc10

 Timestamp is 5a17997b (Fri Nov 24 12:00:59 2017)

 Preferred load address is 10000000

 Start         Length     Name                   Class
 0001:00000000 00000060H .rodata                 CODE
 0002:00000000 00087612H .text                   CODE
 0002:00087620 00003426H .text$x                 CODE
 0002:0008aa50 000002b9H .text$yc                CODE
 0002:0008ad10 0000024cH .text$yd                CODE
 0003:00000000 00000598H .idata$5                DATA
 0003:00000598 00000004H .CRT$XCA                DATA
 0003:0000059c 00000028H .CRT$XCU                DATA
 0003:000005c4 00000004H .CRT$XCZ                DATA
 0003:000005c8 00000004H .CRT$XIA                DATA
 0003:000005cc 00000004H .CRT$XIAA               DATA
 0003:000005d0 00000004H .CRT$XIC                DATA
 0003:000005d4 00000004H .CRT$XIZ                DATA
 0003:000005e0 0000cb41H .rdata                  DATA
 0003:0000d124 0000006cH .rdata$debug            DATA
 0003:0000d190 00001664H .rdata$r                DATA
 0003:0000e7f4 00000004H .rtc$IAA                DATA
 0003:0000e7f8 0000004cH .rtc$IMZ                DATA
 0003:0000e844 00000004H .rtc$IZZ                DATA
 0003:0000e848 00000004H .rtc$TAA                DATA
 0003:0000e84c 0000004cH .rtc$TMZ                DATA
 0003:0000e898 00000004H .rtc$TZZ                DATA
 0003:0000e8a0 00003294H .xdata$x                DATA
 0003:00011b34 00000000H ATL$__a                 DATA
 0003:00011b34 00000000H ATL$__z                 DATA
 0003:00011b34 000001a4H .idata$2                DATA
 0003:00011cd8 00000014H .idata$3                DATA
 0003:00011cec 00000598H .idata$4                DATA
 0003:00012284 00001eaaH .idata$6                DATA
 0003:00014130 000044f9H .edata                  DATA
 0004:00000000 00002dd0H .data                   DATA
 0004:00002de0 0000ad00H .bss                    DATA

  Address         Publics by Value              Rva+Base       Lib:Object

 0000:00000000       ___safe_se_handler_table   00000000     <absolute>
 0000:00000000       __except_list              00000000     <absolute>
 0000:00000000       ___safe_se_handler_count   00000000     <absolute>
 0000:00009876       __ldused                   00009876     <absolute>
 0000:00009876       __fltused                  00009876     <absolute>
 0000:00000000       ___ImageBase               10000000     <linker-defined>
 0002:00000000       _yv12_to_yuyv_xmm          10002000     colorspace_yuyv_mmx.obj
 0002:00000100       _yv12_to_uyvy_xmm          10002100     colorspace_yuyv_mmx.obj
 0002:00000200       _yv12_to_rgb32_mmx         10002200     yv12_to_rgb32_mmx.obj
 0002:00000580       _bgr_to_yv12_mmx           10002580     colorspace_rgb_mmx.obj
 0002:00000750       _bgra_to_yv12_mmx          10002750     colorspace_rgb_mmx.obj
 0002:00000920       _yv12_to_bgr_mmx           10002920     colorspace_rgb_mmx.obj
 0002:00000c50       _yv12_to_bgra_mmx          10002c50     colorspace_rgb_mmx.obj
 0002:00000f10       ??0CLoopBuf@@QAE@XZ        10002f10 f   cloopbuffer.obj
 0002:00000f90       ??1CLoopBuf@@QAE@XZ        10002f90 f   cloopbuffer.obj
 0002:00000fe0       ?LoopBuf_init@CLoopBuf@@QAEHPAEI@Z 10002fe0 f   cloopbuffer.obj
 0002:00001050       ?LoopBuf_put@CLoopBuf@@QAEIPAEI@Z 10003050 f   cloopbuffer.obj
 0002:000011a0       ?LoopBuf_get@CLoopBuf@@QAEIPAEI@Z 100031a0 f   cloopbuffer.obj
 0002:00001310       ??0CEventWindows@@QAE@XZ   10003310 f   eventwindows.obj
 0002:00001380       ?GetHandle@CEventWindows@@UAEPAXXZ 10003380 f i eventwindows.obj
 0002:000013b0       ??_GCEventWindows@@UAEPAXI@Z 100033b0 f i eventwindows.obj
 0002:000013b0       ??_ECEventWindows@@UAEPAXI@Z 100033b0 f i eventwindows.obj
 0002:00001410       ??1CEventWindows@@UAE@XZ   10003410 f   eventwindows.obj
 0002:00001490       ?Set@CEventWindows@@UAEHXZ 10003490 f   eventwindows.obj
 0002:000014f0       ?Reset@CEventWindows@@UAEHXZ 100034f0 f   eventwindows.obj
 0002:00001550       ?Wait@CEventWindows@@UAE?AW4EnumType@@I@Z 10003550 f   eventwindows.obj
 0002:000015e0       ?StartTimer@CEventWindows@@UAEHHI@Z 100035e0 f   eventwindows.obj
 0002:000016b0       ?StopTimer@CEventWindows@@UAEHXZ 100036b0 f   eventwindows.obj
 0002:00001710       ??0CMediaListCom@@QAE@XZ   10003710 f   listcomponent.obj
 0002:000017c0       ??1CMediaListCom@@QAE@XZ   100037c0 f   listcomponent.obj
 0002:00001850       ?AddDataFront@CMediaListCom@@QAEXPAX@Z 10003850 f   listcomponent.obj
 0002:00001a40       ?AddDataTail@CMediaListCom@@QAEXPAX@Z 10003a40 f   listcomponent.obj
 0002:00001be0       ?DeleteData@CMediaListCom@@QAEXPAX@Z 10003be0 f   listcomponent.obj
 0002:00001d70       ?DeleteAll@CMediaListCom@@QAEXXZ 10003d70 f   listcomponent.obj
 0002:00001de0       ?GetDataByIndex@CMediaListCom@@QAEPAXI@Z 10003de0 f   listcomponent.obj
 0002:00001f80       ??0CApp@@QAE@XZ            10003f80 f i logbase.obj
 0002:000020d0       ??1CApp@@UAE@XZ            100040d0 f i logbase.obj
 0002:00002130       ?GetPriority@CApp@@QAEEXZ  10004130 f i logbase.obj
 0002:00002160       ??0CApp@@QAE@ABU0@@Z       10004160 f i logbase.obj
 0002:00002330       ??4CApp@@QAEAAU0@ABU0@@Z   10004330 f i logbase.obj
 0002:00002530       ??_ECApp@@UAEPAXI@Z        10004530 f i logbase.obj
 0002:000025d0       ?DaemonInstanceEntry@CInstance@@UAEXQAUCMessage@@PAUCApp@@@Z 100045d0 f i logbase.obj
 0002:00002630       ?InstanceDump@CInstance@@UAEXI@Z 10004630 f i logbase.obj
 0002:00002660       ?DaemonInstanceDump@CInstance@@UAEXI@Z 10004660 f i logbase.obj
 0002:00002690       ?InstanceExit@CInstance@@UAEXXZ 10004690 f i logbase.obj
 0002:000026c0       ??0CInstance@@QAE@XZ       100046c0 f i logbase.obj
 0002:00002700       ??0CInstance@@QAE@ABV0@@Z  10004700 f i logbase.obj
 0002:000027f0       ??4CInstance@@QAEAAV0@ABV0@@Z 100047f0 f i logbase.obj
 0002:000028f0       ??0CCodecWrapperLog@@QAE@XZ 100048f0 f   logbase.obj
 0002:00002960       ??1CCodecWrapperLog@@QAE@XZ 10004960 f   logbase.obj
 0002:00002990       ?OpenPtPort@CCodecWrapperLog@@QAEXI@Z 10004990 f   logbase.obj
 0002:00002a90       ?Print@CCodecWrapperLog@@QAAXIPBDII0ZZ 10004a90 f   logbase.obj
 0002:00002c60       ??$vsnprintf_s@$0MI@@@YAHAAY0MI@DIPBDPAD@Z 10004c60 f i logbase.obj
 0002:00002cc0       ?Create@CRecordPakge@@QAEHIPAXH@Z 10004cc0 f   record_pakage.obj
 0002:00002dc0       ??1CRecordPakge@@QAE@XZ    10004dc0 f   record_pakage.obj
 0002:00002e50       ?Destroy@CRecordPakge@@QAEHXZ 10004e50 f   record_pakage.obj
 0002:00002ee0       ?Init@CRecordPakge@@QAEHQAXI@Z 10004ee0 f   record_pakage.obj
 0002:00002ff0       ?Dest@CRecordPakge@@QAEHXZ 10004ff0 f   record_pakage.obj
 0002:00003050       ?WriteData@CRecordPakge@@QAEHQBXI0I@Z 10005050 f   record_pakage.obj
 0002:00003420       ?GetDataBuffer@CRecordPakge@@QAEQAXAAI@Z 10005420 f   record_pakage.obj
 0002:00003560       ?ReturnDataBuffer@CRecordPakge@@QAEHQBXI@Z 10005560 f   record_pakage.obj
 0002:00003780       ?ClearAllData@CRecordPakge@@QAEXXZ 10005780 f   record_pakage.obj
 0002:00003840       ??1CSaveFileCom@@QAE@XZ    10005840 f   savefilecomponent.obj
 0002:00003880       ?Create@CSaveFileCom@@QAEXPBD@Z 10005880 f   savefilecomponent.obj
 0002:000039b0       ?StartSave@CSaveFileCom@@QAEXI@Z 100059b0 f   savefilecomponent.obj
 0002:000039f0       ?SaveToFile@CSaveFileCom@@QAEXPBEIH@Z 100059f0 f   savefilecomponent.obj
 0002:00003c30       ?CloseFile@CSaveFileCom@@QAEXXZ 10005c30 f   savefilecomponent.obj
 0002:00003d30       ?OpenFileSrc@CReadFileCom@@QAEHPAD0I@Z 10005d30 f   savefilecomponent.obj
 0002:00003e60       ?ReadOneFrame@CReadFileCom@@QAEHPAEIAAI@Z 10005e60 f   savefilecomponent.obj
 0002:00003f90       ?CloseFileSrc@CReadFileCom@@QAEHXZ 10005f90 f   savefilecomponent.obj
 0002:00004040       ??0CSemaphoreCom@@QAE@XZ   10006040 f   semcomponent.obj
 0002:00004080       ??1CSemaphoreCom@@QAE@XZ   10006080 f   semcomponent.obj
 0002:000040c0       ?Create@CSemaphoreCom@@QAEXII@Z 100060c0 f   semcomponent.obj
 0002:00004170       ?Destory@CSemaphoreCom@@QAEXXZ 10006170 f   semcomponent.obj
 0002:000041f0       ?Take@CSemaphoreCom@@QAEHI@Z 100061f0 f   semcomponent.obj
 0002:00004280       ?Give@CSemaphoreCom@@QAEXXZ 10006280 f   semcomponent.obj
 0002:000042e0       ??0CAutoLockCom@@QAE@AAVCSemaphoreCom@@I@Z 100062e0 f   semcomponent.obj
 0002:00004370       ??1CAutoLockCom@@QAE@XZ    10006370 f   semcomponent.obj
 0002:000043d0       ?task_createCB@@YGIPAX@Z   100063d0 f   taskcomponent.obj
 0002:00004470       ??0CTaskCreate@@QAE@XZ     10006470 f   taskcomponent.obj
 0002:000044d0       ?RealTaskProcess@CTaskCreate@@UAEXI@Z 100064d0 f i taskcomponent.obj
 0002:00004500       ??_GCTaskCreate@@UAEPAXI@Z 10006500 f i taskcomponent.obj
 0002:00004500       ??_ECTaskCreate@@UAEPAXI@Z 10006500 f i taskcomponent.obj
 0002:00004560       ??1CTaskCreate@@UAE@XZ     10006560 f   taskcomponent.obj
 0002:000045f0       ?CreateTask@CTaskCreate@@QAEIIPAIQAPAD0@Z 100065f0 f   taskcomponent.obj
 0002:00004860       ?DestroyTaskAll@CTaskCreate@@QAEIXZ 10006860 f   taskcomponent.obj
 0002:00004910       ?IsTaskCreate@CTaskCreate@@QAEHI@Z 10006910 f   taskcomponent.obj
 0002:00004970       ?IsTaskRunning@CTaskCreate@@QAEHI@Z 10006970 f   taskcomponent.obj
 0002:000049d0       ?SetTaskRunning@CTaskCreate@@QAEXHI@Z 100069d0 f   taskcomponent.obj
 0002:00004a30       ?TaskDelay@CTaskCreate@@SAXI@Z 10006a30 f   taskcomponent.obj
 0002:00004a80       ?GetTickCount@CTaskCreate@@SAIXZ 10006a80 f   taskcomponent.obj
 0002:00004ad0       ?Sys_CreateThread@@YAPAXP6AXPAX@Z0W4xthreadPriority@@AAUTthreadInfo@@PBD@Z 10006ad0 f   win32common.obj
 0002:00004ba0       ?Sys_DLL_Load@@YAPAUHINSTANCE__@@PBD@Z 10006ba0 f   win32common.obj
 0002:00004c90       ?Sys_DLL_GetProcAddress@@YAPAXPAUHINSTANCE__@@PBD@Z 10006c90 f   win32common.obj
 0002:00004d20       ?Sys_DLL_Unload@@YAXPAUHINSTANCE__@@@Z 10006d20 f   win32common.obj
 0002:00004e10       ?Sys_ClockTicksPerSecond@@YANXZ 10006e10 f   win32common.obj
 0002:00004fb0       ?Sys_IsVistaOrHigher@@YAHXZ 10006fb0 f   win32common.obj
 0002:000051d0       ?Sys_IsWin10@@YAHXZ        100071d0 f   win32common.obj
 0002:00005410       ?PrintComErr@@YAXJ@Z       10007410 f   win32common.obj
 0002:00005550       ??0?$basic_string@DU?$char_traits@D@std@@V?$allocator@D@2@@std@@QAE@XZ 10007550 f i win32common.obj
 0002:000055f0       ??1?$basic_string@DU?$char_traits@D@std@@V?$allocator@D@2@@std@@QAE@XZ 100075f0 f i win32common.obj
 0002:00005680       ??4?$basic_string@DU?$char_traits@D@std@@V?$allocator@D@2@@std@@QAEAAV01@PBD@Z 10007680 f i win32common.obj
 0002:000056d0       ??Y?$basic_string@DU?$char_traits@D@std@@V?$allocator@D@2@@std@@QAEAAV01@PBD@Z 100076d0 f i win32common.obj
 0002:00005720       ?c_str@?$basic_string@DU?$char_traits@D@std@@V?$allocator@D@2@@std@@QBEPBDXZ 10007720 f i win32common.obj
 0002:00005760       ?append@?$basic_string@DU?$char_traits@D@std@@V?$allocator@D@2@@std@@QAEAAV12@PBD@Z 10007760 f i win32common.obj
 0002:000057c0       ?length@?$char_traits@D@std@@SAIPBD@Z 100077c0 f i win32common.obj
 0002:00005800       ?assign@?$basic_string@DU?$char_traits@D@std@@V?$allocator@D@2@@std@@QAEAAV12@PBD@Z 10007800 f i win32common.obj
 0002:00005860       ?_Tidy@?$basic_string@DU?$char_traits@D@std@@V?$allocator@D@2@@std@@QAEX_NI@Z 10007860 f i win32common.obj
 0002:00005900       ?copy@?$char_traits@D@std@@SAPADPADPBDI@Z 10007900 f i win32common.obj
 0002:00005950       ?_Myptr@?$basic_string@DU?$char_traits@D@std@@V?$allocator@D@2@@std@@QBEPBDXZ 10007950 f i win32common.obj
 0002:000059a0       ??0?$_String_val@DV?$allocator@D@std@@@std@@QAE@V?$allocator@D@1@@Z 100079a0 f i win32common.obj
 0002:000059f0       ??1?$_String_val@DV?$allocator@D@std@@@std@@QAE@XZ 100079f0 f i win32common.obj
 0002:00005a20       ??0?$allocator@D@std@@QAE@XZ 10007a20 f i win32common.obj
 0002:00005a50       ??0?$allocator@D@std@@QAE@ABV01@@Z 10007a50 f i win32common.obj
 0002:00005a80       ?append@?$basic_string@DU?$char_traits@D@std@@V?$allocator@D@2@@std@@QAEAAV12@PBDI@Z 10007a80 f i win32common.obj
 0002:00005b60       ?assign@?$basic_string@DU?$char_traits@D@std@@V?$allocator@D@2@@std@@QAEAAV12@PBDI@Z 10007b60 f i win32common.obj
 0002:00005c10       ?_Eos@?$basic_string@DU?$char_traits@D@std@@V?$allocator@D@2@@std@@QAEXI@Z 10007c10 f i win32common.obj
 0002:00005c80       ?assign@?$char_traits@D@std@@SAXAADABD@Z 10007c80 f i win32common.obj
 0002:00005cb0       ?_Myptr@?$basic_string@DU?$char_traits@D@std@@V?$allocator@D@2@@std@@QAEPADXZ 10007cb0 f i win32common.obj
 0002:00005d00       ?deallocate@?$allocator@D@std@@QAEXPADI@Z 10007d00 f i win32common.obj
 0002:00005d50       ?append@?$basic_string@DU?$char_traits@D@std@@V?$allocator@D@2@@std@@QAEAAV12@ABV12@II@Z 10007d50 f i win32common.obj
 0002:00005e30       ?size@?$basic_string@DU?$char_traits@D@std@@V?$allocator@D@2@@std@@QBEIXZ 10007e30 f i win32common.obj
 0002:00005e60       ?_Xran@?$basic_string@DU?$char_traits@D@std@@V?$allocator@D@2@@std@@QBEXXZ 10007e60 f i win32common.obj
 0002:00005eb0       ?assign@?$basic_string@DU?$char_traits@D@std@@V?$allocator@D@2@@std@@QAEAAV12@ABV12@II@Z 10007eb0 f i win32common.obj
 0002:00005f90       ?_Grow@?$basic_string@DU?$char_traits@D@std@@V?$allocator@D@2@@std@@QAE_NI_N@Z 10007f90 f i win32common.obj
 0002:00006060       ?_Inside@?$basic_string@DU?$char_traits@D@std@@V?$allocator@D@2@@std@@QAE_NPBD@Z 10008060 f i win32common.obj
 0002:000060d0       ?_Xlen@?$basic_string@DU?$char_traits@D@std@@V?$allocator@D@2@@std@@QBEXXZ 100080d0 f i win32common.obj
 0002:00006120       ?erase@?$basic_string@DU?$char_traits@D@std@@V?$allocator@D@2@@std@@QAEAAV12@II@Z 10008120 f i win32common.obj
 0002:000061e0       ?move@?$char_traits@D@std@@SAPADPADPBDI@Z 100081e0 f i win32common.obj
 0002:00006230       ?max_size@?$basic_string@DU?$char_traits@D@std@@V?$allocator@D@2@@std@@QBEIXZ 10008230 f i win32common.obj
 0002:000062a0       ?_Copy@?$basic_string@DU?$char_traits@D@std@@V?$allocator@D@2@@std@@QAEXII@Z 100082a0 f i win32common.obj
 0002:00006460       ?allocate@?$allocator@D@std@@QAEPADI@Z 10008460 f i win32common.obj
 0002:000064b0       ?max_size@?$allocator@D@std@@QBEIXZ 100084b0 f i win32common.obj
 0002:00006510       ??$_Allocate@D@std@@YAPADIPAD@Z 10008510 f i win32common.obj
 0002:000065a0       ??0bad_alloc@std@@QAE@PBD@Z 100085a0 f i win32common.obj
 0002:00006600       ??1bad_alloc@std@@UAE@XZ   10008600 f i win32common.obj
 0002:00006660       ??_Ebad_alloc@std@@UAEPAXI@Z 10008660 f i win32common.obj
 0002:00006660       ??_Gbad_alloc@std@@UAEPAXI@Z 10008660 f i win32common.obj
 0002:000066c0       ??0bad_alloc@std@@QAE@ABV01@@Z 100086c0 f i win32common.obj
 0002:00006720       ??0Win32Vars_t@@QAE@XZ     10008720 f i win32common.obj
 0002:00006770       ??1Win32Vars_t@@QAE@XZ     10008770 f i win32common.obj
 0002:000067c0       ?GetSingletonPtr@CKdvAudioAec@@SAPAV1@XZ 100087c0 f   aec.obj
 0002:000067f0       ??0CKdvAudioAec@@QAE@XZ    100087f0 f   aec.obj
 0002:000068a0       ??_GCKdvAudioAec@@UAEPAXI@Z 100088a0 f i aec.obj
 0002:000068a0       ??_ECKdvAudioAec@@UAEPAXI@Z 100088a0 f i aec.obj
 0002:00006900       ??1CKdvAudioAec@@UAE@XZ    10008900 f   aec.obj
 0002:00006990       ?InitAec@CKdvAudioAec@@IAEGXZ 10008990 f   aec.obj
 0002:00006a10       ?DestroyAec@CKdvAudioAec@@QAEGXZ 10008a10 f   aec.obj
 0002:00006c00       ?SavePcm@CKdvAudioAec@@QAEGI@Z 10008c00 f   aec.obj
 0002:00006cc0       ?SetAecParam@CKdvAudioAec@@QAEGIIII@Z 10008cc0 f   aec.obj
 0002:00006e20       ?Process@CKdvAudioAec@@QAEPAEAAUtagAudioPram@@PBEH@Z 10008e20 f   aec.obj
 0002:000071c0       ?Control@CKdvAudioAec@@QAEGW4enAecCtrlID@@ABUtagAecComCtrl@@@Z 100091c0 f   aec.obj
 0002:00007230       ?PrintStatis@CKdvAudioAec@@QAEXXZ 10009230 f   aec.obj
 0002:00007390       ?InitAECInst@@YAXXZ        10009390 f   aec.obj
 0002:00007460       _aecreset                  10009460 f   aec.obj
 0002:00007520       _aecstatis                 10009520 f   aec.obj
 0002:00007560       _aecdelay                  10009560 f   aec.obj
 0002:00007590       _kdvaectest                10009590 f   aec.obj
 0002:00007990       ??0CSaveFileCom@@QAE@XZ    10009990 f i aec.obj
 0002:000079f0       ??0CReadFileCom@@QAE@XZ    100099f0 f i aec.obj
 0002:00007a50       ??1CReadFileCom@@QAE@XZ    10009a50 f i aec.obj
 0002:00007a90       ??0?$Singleton@VCKdvAudioAec@@@@QAE@XZ 10009a90 f i aec.obj
 0002:00007af0       ??1?$Singleton@VCKdvAudioAec@@@@QAE@XZ 10009af0 f i aec.obj
 0002:00007b30       ??0CKdvEncoder@@QAE@ABV0@@Z 10009b30 f i auddecoderwrapper.obj
 0002:00007ba0       ??4CKdvEncoder@@QAEAAV0@ABV0@@Z 10009ba0 f i auddecoderwrapper.obj
 0002:00007c00       ??_ECKdvEncoder@@UAEPAXI@Z 10009c00 f i auddecoderwrapper.obj
 0002:00007ca0       ??0CKdvDecoder@@QAE@ABV0@@Z 10009ca0 f i auddecoderwrapper.obj
 0002:00007d10       ??4CKdvDecoder@@QAEAAV0@ABV0@@Z 10009d10 f i auddecoderwrapper.obj
 0002:00007d70       ??_ECKdvDecoder@@UAEPAXI@Z 10009d70 f i auddecoderwrapper.obj
 0002:00007e10       ??4CAVCapCheck@@QAEAAV0@ABV0@@Z 10009e10 f i auddecoderwrapper.obj
 0002:00007e50       ??0CAudDecWrapper@@QAE@PAUTDecoderRef@@PAUTDecoderStatus@@@Z 10009e50 f   auddecoderwrapper.obj
 0002:00008250       ?OpusRtpSend@CKdvMp3Codec@@UAEXPAEIII@Z 1000a250 f i auddecoderwrapper.obj
 0002:00008280       ??_GCAudDecWrapper@@UAEPAXI@Z 1000a280 f i auddecoderwrapper.obj
 0002:00008280       ??_ECAudDecWrapper@@UAEPAXI@Z 1000a280 f i auddecoderwrapper.obj
 0002:000082e0       ??1CAudDecWrapper@@UAE@XZ  1000a2e0 f   auddecoderwrapper.obj
 0002:00008400       ?AudioDataProc@@YAXPAUtagFrameHdr@@I@Z 1000a400 f   auddecoderwrapper.obj
 0002:00008620       ?InitAudDecWrapper@CAudDecWrapper@@QAEGXZ 1000a620 f   auddecoderwrapper.obj
 0002:00008980       ?DestroyWrap@CAudDecWrapper@@QAEGXZ 1000a980 f   auddecoderwrapper.obj
 0002:00008d70       ?Buffer@CLoopBuf@@QAEPAEXZ 1000ad70 f i auddecoderwrapper.obj
 0002:00008da0       ?ClearAudDecBuf@CAudDecWrapper@@QAEXXZ 1000ada0 f   auddecoderwrapper.obj
 0002:00008e00       ?LoopBuf_reset@CLoopBuf@@QAEXXZ 1000ae00 f i auddecoderwrapper.obj
 0002:00008e80       ?StartDec@CAudDecWrapper@@QAEXH@Z 1000ae80 f   auddecoderwrapper.obj
 0002:00008f40       ?SaveAudio@CAudDecWrapper@@QAEXPBDI@Z 1000af40 f   auddecoderwrapper.obj
 0002:00009130       ?SetData@CAudDecWrapper@@QAEXPAUtagAudDataStream@@@Z 1000b130 f   auddecoderwrapper.obj
 0002:000099e0       ?IsAudioMediaTypeSuported@@YAHE@Z 1000b9e0 f i auddecoderwrapper.obj
 0002:00009a90       ?LoopBuf_len@CLoopBuf@@QAEIXZ 1000ba90 f i auddecoderwrapper.obj
 0002:00009b00       ?StartRcvAudio@CAudDecWrapper@@QAEHXZ 1000bb00 f   auddecoderwrapper.obj
 0002:00009ba0       ?StopRcvAudio@CAudDecWrapper@@QAEHXZ 1000bba0 f   auddecoderwrapper.obj
 0002:00009ce0       ?SetAudioRcvAddress@CAudDecWrapper@@QAEHPBUtagMnetNetParam@@@Z 1000bce0 f   auddecoderwrapper.obj
 0002:00009e90       ?SetNetFeedbackAudioParam@CAudDecWrapper@@QAEHH@Z 1000be90 f   auddecoderwrapper.obj
 0002:00009f30       ?SetAudioVolume@CAudDecWrapper@@QAEXE@Z 1000bf30 f   auddecoderwrapper.obj
 0002:0000a010       ?SetAudioSysVolume@CAudDecWrapper@@QAEHE@Z 1000c010 f   auddecoderwrapper.obj
 0002:0000a0d0       ?GetAudioSysVolume@CAudDecWrapper@@QAEHAAE@Z 1000c0d0 f   auddecoderwrapper.obj
 0002:0000a190       ?SetAudioActivePT@CAudDecWrapper@@QAEHEE@Z 1000c190 f   auddecoderwrapper.obj
 0002:0000a240       ?SetAudioActivePT@CAudDecWrapper@@QAEHUtagMapSet@@@Z 1000c240 f   auddecoderwrapper.obj
 0002:0000a320       ?SetDecryptKey@CAudDecWrapper@@QAEHPADGE@Z 1000c320 f   auddecoderwrapper.obj
 0002:0000a3e0       ?SetReverseG7221c@CAudDecWrapper@@QAEHH@Z 1000c3e0 f   auddecoderwrapper.obj
 0002:0000a480       ?SetAudioRcvId@CAudDecWrapper@@QAEHPBDII@Z 1000c480 f   auddecoderwrapper.obj
 0002:0000a520       ?GetAudioRcvId@CAudDecWrapper@@QAEHPADPAI1@Z 1000c520 f   auddecoderwrapper.obj
 0002:0000a5c0       ?AudioRcvEnableKeepAlive@CAudDecWrapper@@QAEHHPBUtagMnetNetParam@@@Z 1000c5c0 f   auddecoderwrapper.obj
 0002:0000a690       ?SetAudioRtcpStatus@CAudDecWrapper@@QAEHW4RTCPSTATUS@@@Z 1000c690 f   auddecoderwrapper.obj
 0002:0000a730       ?SetAudioCallBack@CAudDecWrapper@@QAEHP6AXEPBEHI@ZI@Z 1000c730 f   auddecoderwrapper.obj
 0002:0000a7b0       ?SetAudioDecPCMCallBack@CAudDecWrapper@@QAEHP6AXPAEHIIII@ZI@Z 1000c7b0 f   auddecoderwrapper.obj
 0002:0000a830       ?SetOutputAudioPowerCB@CAudDecWrapper@@QAEHP6AXEI@ZI@Z 1000c830 f   auddecoderwrapper.obj
 0002:0000a8b0       ?StartPlay@CAudDecWrapper@@QAEXH@Z 1000c8b0 f   auddecoderwrapper.obj
 0002:0000aa10       ?Clear@tagAudioDevNameInfo@@QAEXXZ 1000ca10 f i auddecoderwrapper.obj
 0002:0000aa60       ??0tagAudioDevNameInfo@@QAE@XZ 1000ca60 f i auddecoderwrapper.obj
 0002:0000aaf0       ??1tagAudioDevNameInfo@@QAE@XZ 1000caf0 f i auddecoderwrapper.obj
 0002:0000ab80       ?SetPlyTest@CAudDecWrapper@@QAEHH@Z 1000cb80 f   auddecoderwrapper.obj
 0002:0000ac00       ?ReadFileDataToDecBuffer@CAudDecWrapper@@QAEHPADI@Z 1000cc00 f   auddecoderwrapper.obj
 0002:0000b070       ?wcsrchr@@YAPA_WPA_W_W@Z   1000d070 f i auddecoderwrapper.obj
 0002:0000b0c0       ?PlayPcmData@CAudDecWrapper@@QAEGPAEIIII@Z 1000d0c0 f   auddecoderwrapper.obj
 0002:0000bdf0       ??0AudioFrame@mediawrapper@@QAE@XZ 1000ddf0 f i auddecoderwrapper.obj
 0002:0000beb0       ??_GAudioFrame@mediawrapper@@UAEPAXI@Z 1000deb0 f i auddecoderwrapper.obj
 0002:0000beb0       ??_EAudioFrame@mediawrapper@@UAEPAXI@Z 1000deb0 f i auddecoderwrapper.obj
 0002:0000bf10       ??1AudioFrame@mediawrapper@@UAE@XZ 1000df10 f i auddecoderwrapper.obj
 0002:0000bf50       ?GetAudioVolume@CAudDecWrapper@@QAEXAAE@Z 1000df50 f i auddecoderwrapper.obj
 0002:0000bf90       ?PlayProcFunc@CAudDecWrapper@@SAXIEEIPAEPAX@Z 1000df90 f   auddecoderwrapper.obj
 0002:0000bff0       ?SelectAudioPlyDevice@CAudDecWrapper@@QAEGPB_W0@Z 1000dff0 f   auddecoderwrapper.obj
 0002:0000c410       ??4tagAudioDevNameInfo@@QAEAAU0@ABU0@@Z 1000e410 f i auddecoderwrapper.obj
 0002:0000c470       ?GetCurAudPlyDev@CAudDecWrapper@@QAEGAAUTDevNameInfo@@@Z 1000e470 f   auddecoderwrapper.obj
 0002:0000c510       ?RefeshPlayDevices@CAudDecWrapper@@QAEXAAV?$vector@UtagAudioDevNameInfo@@V?$allocator@UtagAudioDevNameInfo@@@std@@@std@@AAI@Z 1000e510 f   auddecoderwrapper.obj
 0002:0000c570       ?GetAudDecoderStatis@CAudDecWrapper@@QAEGAAUKdvDecStatis@@@Z 1000e570 f   auddecoderwrapper.obj
 0002:0000c930       ?PrintStatis@CAudDecWrapper@@QAEXXZ 1000e930 f   auddecoderwrapper.obj
 0002:0000ce30       ?SetAudDecSpeLevel@CAudDecWrapper@@QAEGHI@Z 1000ee30 f   auddecoderwrapper.obj
 0002:0000cf30       ?GetAudDecSpeLevel@CAudDecWrapper@@QAEGAAI@Z 1000ef30 f   auddecoderwrapper.obj
 0002:0000cfa0       ?SetAudReduceToRadio@CAudDecWrapper@@QAEGI@Z 1000efa0 f   auddecoderwrapper.obj
 0002:0000d020       ?GetAudReduceToRadio@CAudDecWrapper@@QAEGAAI@Z 1000f020 f   auddecoderwrapper.obj
 0002:0000d080       ?SetAudFecEnable@CAudDecWrapper@@QAEHH@Z 1000f080 f   auddecoderwrapper.obj
 0002:0000d110       ?SetAudEnableCrypt@CAudDecWrapper@@QAEHHPATTMnetCryptCfg@@@Z 1000f110 f   auddecoderwrapper.obj
 0002:0000d1a0       ?SetAudMnetCryptCfgInit@CAudDecWrapper@@QAEHPATTMnetCryptCfg@@H@Z 1000f1a0 f   auddecoderwrapper.obj
 0002:0000d200       ?SetAudMnetCryptCfgSetCipherAlgorithm@CAudDecWrapper@@QAEHPATTMnetCryptCfg@@W4TMnetCryptDataType@@W4TMnetCryptAlgoType@@@Z 1000f200 f   auddecoderwrapper.obj
 0002:0000d260       ?SetAudMnetCryptCfgSetAuthAlgorithm@CAudDecWrapper@@QAEHPATTMnetCryptCfg@@W4TMnetCryptDataType@@W4TMnetCryptAlgoType@@@Z 1000f260 f   auddecoderwrapper.obj
 0002:0000d2c0       ?SetAudMnetCryptCfgSetMasterKey@CAudDecWrapper@@QAEHPATTMnetCryptCfg@@W4TMnetCryptDataType@@W4TMnetCryptKeyType@@GPAEW4TMnetCrypKeyLen@@4@Z 1000f2c0 f   auddecoderwrapper.obj
 0002:0000d330       ?SetAudMnetCryptCfgSetCipherKey@CAudDecWrapper@@QAEHPATTMnetCryptCfg@@W4TMnetCryptDataType@@GPAE@Z 1000f330 f   auddecoderwrapper.obj
 0002:0000d390       ?SetAudMnetCryptCfgSetAuthKey@CAudDecWrapper@@QAEHPATTMnetCryptCfg@@W4TMnetCryptDataType@@GPAE@Z 1000f390 f   auddecoderwrapper.obj
 0002:0000d3f0       ?SetAudMnetCryptCfgSetPkt@CAudDecWrapper@@QAEHPATTMnetCryptCfg@@W4TMnetCryptDataType@@W4TMnetCryptPktType@@@Z 1000f3f0 f   auddecoderwrapper.obj
 0002:0000d450       ?SetAudMnetCryptCfgSetAuthTag@CAudDecWrapper@@QAEHPATTMnetCryptCfg@@W4TMnetCryptDataType@@W4TMnetCryptTagLen@@@Z 1000f450 f   auddecoderwrapper.obj
 0002:0000d4b0       ??0?$basic_string@DU?$char_traits@D@std@@V?$allocator@D@2@@std@@QAE@PBD@Z 1000f4b0 f i auddecoderwrapper.obj
 0002:0000d560       ??0?$basic_string@_WU?$char_traits@_W@std@@V?$allocator@_W@2@@std@@QAE@XZ 1000f560 f i auddecoderwrapper.obj
 0002:0000d600       ??1?$basic_string@_WU?$char_traits@_W@std@@V?$allocator@_W@2@@std@@QAE@XZ 1000f600 f i auddecoderwrapper.obj
 0002:0000d690       ??4?$basic_string@_WU?$char_traits@_W@std@@V?$allocator@_W@2@@std@@QAEAAV01@ABV01@@Z 1000f690 f i auddecoderwrapper.obj
 0002:0000d6e0       ??4?$basic_string@_WU?$char_traits@_W@std@@V?$allocator@_W@2@@std@@QAEAAV01@PB_W@Z 1000f6e0 f i auddecoderwrapper.obj
 0002:0000d730       ?clear@?$basic_string@_WU?$char_traits@_W@std@@V?$allocator@_W@2@@std@@QAEXXZ 1000f730 f i auddecoderwrapper.obj
 0002:0000d780       ?c_str@?$basic_string@_WU?$char_traits@_W@std@@V?$allocator@_W@2@@std@@QBEPB_WXZ 1000f780 f i auddecoderwrapper.obj
 0002:0000d7c0       ?length@?$basic_string@_WU?$char_traits@_W@std@@V?$allocator@_W@2@@std@@QBEIXZ 1000f7c0 f i auddecoderwrapper.obj
 0002:0000d7f0       ?compare@?$basic_string@_WU?$char_traits@_W@std@@V?$allocator@_W@2@@std@@QBEHPB_W@Z 1000f7f0 f i auddecoderwrapper.obj
 0002:0000d850       ?length@?$char_traits@_W@std@@SAIPB_W@Z 1000f850 f i auddecoderwrapper.obj
 0002:0000d8a0       ??0?$vector@UtagAudioDevNameInfo@@V?$allocator@UtagAudioDevNameInfo@@@std@@@std@@QAE@XZ 1000f8a0 f i auddecoderwrapper.obj
 0002:0000d8f0       ??1?$vector@UtagAudioDevNameInfo@@V?$allocator@UtagAudioDevNameInfo@@@std@@@std@@QAE@XZ 1000f8f0 f i auddecoderwrapper.obj
 0002:0000d970       ??A?$vector@UtagAudioDevNameInfo@@V?$allocator@UtagAudioDevNameInfo@@@std@@@std@@QAEAAUtagAudioDevNameInfo@@I@Z 1000f970 f i auddecoderwrapper.obj
 0002:0000d9b0       ?assign@?$basic_string@_WU?$char_traits@_W@std@@V?$allocator@_W@2@@std@@QAEAAV12@ABV12@@Z 1000f9b0 f i auddecoderwrapper.obj
 0002:0000da00       ?assign@?$basic_string@_WU?$char_traits@_W@std@@V?$allocator@_W@2@@std@@QAEAAV12@ABV12@II@Z 1000fa00 f i auddecoderwrapper.obj
 0002:0000dae0       ?copy@?$char_traits@_W@std@@SAPA_WPA_WPB_WI@Z 1000fae0 f i auddecoderwrapper.obj
 0002:0000db30       _wmemcpy                   1000fb30 f i auddecoderwrapper.obj
 0002:0000db80       ?size@?$basic_string@_WU?$char_traits@_W@std@@V?$allocator@_W@2@@std@@QBEIXZ 1000fb80 f i auddecoderwrapper.obj
 0002:0000dbb0       ?assign@?$basic_string@_WU?$char_traits@_W@std@@V?$allocator@_W@2@@std@@QAEAAV12@PB_W@Z 1000fbb0 f i auddecoderwrapper.obj
 0002:0000dc10       ?compare@?$basic_string@_WU?$char_traits@_W@std@@V?$allocator@_W@2@@std@@QBEHIIPB_WI@Z 1000fc10 f i auddecoderwrapper.obj
 0002:0000dd00       ?compare@?$char_traits@_W@std@@SAHPB_W0I@Z 1000fd00 f i auddecoderwrapper.obj
 0002:0000dd50       _wmemcmp                   1000fd50 f i auddecoderwrapper.obj
 0002:0000ddd0       ?_Eos@?$basic_string@_WU?$char_traits@_W@std@@V?$allocator@_W@2@@std@@QAEXI@Z 1000fdd0 f i auddecoderwrapper.obj
 0002:0000de40       ?assign@?$char_traits@_W@std@@SAXAA_WAB_W@Z 1000fe40 f i auddecoderwrapper.obj
 0002:0000de80       ?_Tidy@?$basic_string@_WU?$char_traits@_W@std@@V?$allocator@_W@2@@std@@QAEX_NI@Z 1000fe80 f i auddecoderwrapper.obj
 0002:0000df20       ?_Myptr@?$basic_string@_WU?$char_traits@_W@std@@V?$allocator@_W@2@@std@@QBEPB_WXZ 1000ff20 f i auddecoderwrapper.obj
 0002:0000df70       ??0?$_String_val@_WV?$allocator@_W@std@@@std@@QAE@V?$allocator@_W@1@@Z 1000ff70 f i auddecoderwrapper.obj
 0002:0000dfc0       ??1?$_String_val@_WV?$allocator@_W@std@@@std@@QAE@XZ 1000ffc0 f i auddecoderwrapper.obj
 0002:0000dff0       ??0?$allocator@_W@std@@QAE@XZ 1000fff0 f i auddecoderwrapper.obj
 0002:0000e020       ??0?$allocator@_W@std@@QAE@ABV01@@Z 10010020 f i auddecoderwrapper.obj
 0002:0000e050       ?_Tidy@?$vector@UtagAudioDevNameInfo@@V?$allocator@UtagAudioDevNameInfo@@@std@@@std@@IAEXXZ 10010050 f i auddecoderwrapper.obj
 0002:0000e100       ??0?$_Vector_val@UtagAudioDevNameInfo@@V?$allocator@UtagAudioDevNameInfo@@@std@@@std@@QAE@V?$allocator@UtagAudioDevNameInfo@@@1@@Z 10010100 f i auddecoderwrapper.obj
 0002:0000e170       ??1?$_Vector_val@UtagAudioDevNameInfo@@V?$allocator@UtagAudioDevNameInfo@@@std@@@std@@QAE@XZ 10010170 f i auddecoderwrapper.obj
 0002:0000e1a0       ??0?$allocator@UtagAudioDevNameInfo@@@std@@QAE@XZ 100101a0 f i auddecoderwrapper.obj
 0002:0000e1d0       ?assign@?$basic_string@_WU?$char_traits@_W@std@@V?$allocator@_W@2@@std@@QAEAAV12@PB_WI@Z 100101d0 f i auddecoderwrapper.obj
 0002:0000e280       ?erase@?$basic_string@_WU?$char_traits@_W@std@@V?$allocator@_W@2@@std@@QAEAAV12@II@Z 10010280 f i auddecoderwrapper.obj
 0002:0000e340       ?move@?$char_traits@_W@std@@SAPA_WPA_WPB_WI@Z 10010340 f i auddecoderwrapper.obj
 0002:0000e390       _wmemmove                  10010390 f i auddecoderwrapper.obj
 0002:0000e3f0       ?_Grow@?$basic_string@_WU?$char_traits@_W@std@@V?$allocator@_W@2@@std@@QAE_NI_N@Z 100103f0 f i auddecoderwrapper.obj
 0002:0000e4c0       ?_Myptr@?$basic_string@_WU?$char_traits@_W@std@@V?$allocator@_W@2@@std@@QAEPA_WXZ 100104c0 f i auddecoderwrapper.obj
 0002:0000e510       ?_Xran@?$basic_string@_WU?$char_traits@_W@std@@V?$allocator@_W@2@@std@@QBEXXZ 10010510 f i auddecoderwrapper.obj
 0002:0000e560       ?deallocate@?$allocator@_W@std@@QAEXPA_WI@Z 10010560 f i auddecoderwrapper.obj
 0002:0000e5b0       ?_Destroy@?$vector@UtagAudioDevNameInfo@@V?$allocator@UtagAudioDevNameInfo@@@std@@@std@@IAEXPAUtagAudioDevNameInfo@@0@Z 100105b0 f i auddecoderwrapper.obj
 0002:0000e600       ??0?$allocator@UtagAudioDevNameInfo@@@std@@QAE@ABV01@@Z 10010600 f i auddecoderwrapper.obj
 0002:0000e630       ?deallocate@?$allocator@UtagAudioDevNameInfo@@@std@@QAEXPAUtagAudioDevNameInfo@@I@Z 10010630 f i auddecoderwrapper.obj
 0002:0000e680       ?max_size@?$basic_string@_WU?$char_traits@_W@std@@V?$allocator@_W@2@@std@@QBEIXZ 10010680 f i auddecoderwrapper.obj
 0002:0000e6f0       ?_Copy@?$basic_string@_WU?$char_traits@_W@std@@V?$allocator@_W@2@@std@@QAEXII@Z 100106f0 f i auddecoderwrapper.obj
 0002:0000e8b0       ?_Inside@?$basic_string@_WU?$char_traits@_W@std@@V?$allocator@_W@2@@std@@QAE_NPB_W@Z 100108b0 f i auddecoderwrapper.obj
 0002:0000e920       ?_Xlen@?$basic_string@_WU?$char_traits@_W@std@@V?$allocator@_W@2@@std@@QBEXXZ 10010920 f i auddecoderwrapper.obj
 0002:0000e970       ?allocate@?$allocator@_W@std@@QAEPA_WI@Z 10010970 f i auddecoderwrapper.obj
 0002:0000e9c0       ?max_size@?$allocator@_W@std@@QBEIXZ 100109c0 f i auddecoderwrapper.obj
 0002:0000ea20       ??$_Destroy_range@V?$allocator@UtagAudioDevNameInfo@@@std@@@std@@YAXPAUtagAudioDevNameInfo@@0AAV?$allocator@UtagAudioDevNameInfo@@@0@@Z 10010a20 f i auddecoderwrapper.obj
 0002:0000ea90       ??$_Allocate@_W@std@@YAPA_WIPA_W@Z 10010a90 f i auddecoderwrapper.obj
 0002:0000eb20       ??$_Ptr_cat@UtagAudioDevNameInfo@@U1@@std@@YA?AU_Nonscalar_ptr_iterator_tag@0@PAUtagAudioDevNameInfo@@0@Z 10010b20 f i auddecoderwrapper.obj
 0002:0000eb80       ??$_Destroy_range@V?$allocator@UtagAudioDevNameInfo@@@std@@@std@@YAXPAUtagAudioDevNameInfo@@0AAV?$allocator@UtagAudioDevNameInfo@@@0@U_Nonscalar_ptr_iterator_tag@0@@Z 10010b80 f i auddecoderwrapper.obj
 0002:0000ebe0       ??$_Dest_val@V?$allocator@UtagAudioDevNameInfo@@@std@@UtagAudioDevNameInfo@@@std@@YAXAAV?$allocator@UtagAudioDevNameInfo@@@0@PAUtagAudioDevNameInfo@@@Z 10010be0 f i auddecoderwrapper.obj
 0002:0000ec20       ?destroy@?$allocator@UtagAudioDevNameInfo@@@std@@QAEXPAUtagAudioDevNameInfo@@@Z 10010c20 f i auddecoderwrapper.obj
 0002:0000ec70       ??$_Destroy@UtagAudioDevNameInfo@@@std@@YAXPAUtagAudioDevNameInfo@@@Z 10010c70 f i auddecoderwrapper.obj
 0002:0000ecb0       ??_GtagAudioDevNameInfo@@QAEPAXI@Z 10010cb0 f i auddecoderwrapper.obj
 0002:0000ed10       ??0CAudEncWrapper@@QAE@PAUTEncoderRef@@PAUTEncoderStatus@@@Z 10010d10 f   audencoderwrapper.obj
 0002:0000f070       ??_ECAudEncWrapper@@UAEPAXI@Z 10011070 f i audencoderwrapper.obj
 0002:0000f070       ??_GCAudEncWrapper@@UAEPAXI@Z 10011070 f i audencoderwrapper.obj
 0002:0000f0d0       ??1CAudEncWrapper@@UAE@XZ  100110d0 f   audencoderwrapper.obj
 0002:0000f1f0       ?InitAudEncWrapper@CAudEncWrapper@@QAEGXZ 100111f0 f   audencoderwrapper.obj
 0002:0000f310       ?DestroyWrap@CAudEncWrapper@@QAEGXZ 10011310 f   audencoderwrapper.obj
 0002:0000f5c0       ?StartEnc@CAudEncWrapper@@QAEXH@Z 100115c0 f   audencoderwrapper.obj
 0002:0000f6d0       ?StartCap@CAudEncWrapper@@QAEXH@Z 100116d0 f   audencoderwrapper.obj
 0002:0000f840       ?SetCapTest@CAudEncWrapper@@QAEHH@Z 10011840 f   audencoderwrapper.obj
 0002:0000f8e0       ?SetInputAudioPowerCB@CAudEncWrapper@@QAEHP6AXEI@ZI@Z 100118e0 f   audencoderwrapper.obj
 0002:0000f960       ?SetNetFeedbackAudioParam@CAudEncWrapper@@QAEHH@Z 10011960 f   audencoderwrapper.obj
 0002:0000fa20       ?SetAudioSndBand@CAudEncWrapper@@QAEHI@Z 10011a20 f   audencoderwrapper.obj
 0002:0000faf0       ?SetNetSndAudioParam@CAudEncWrapper@@QAEHPBUtagMnetNetParam@@@Z 10011af0 f   audencoderwrapper.obj
 0002:0000ff00       ?SetAudioActivePT@CAudEncWrapper@@QAEHEE@Z 10011f00 f   audencoderwrapper.obj
 0002:0000ffb0       ?SetAudEncryptKey@CAudEncWrapper@@QAEHPADGE@Z 10011fb0 f   audencoderwrapper.obj
 0002:00010070       ?SetAudioSendId@CAudEncWrapper@@QAEHPBDII@Z 10012070 f   audencoderwrapper.obj
 0002:00010120       ?GetAudioSendId@CAudEncWrapper@@QAEHPADPAI1@Z 10012120 f   audencoderwrapper.obj
 0002:000101d0       ?AudioSendEnableKeepAlive@CAudEncWrapper@@QAEHHPBUtagMnetNetParam@@@Z 100121d0 f   audencoderwrapper.obj
 0002:00010290       ?AudioEnableRtpExStrip@CAudEncWrapper@@QAEHH@Z 10012290 f   audencoderwrapper.obj
 0002:00010340       ?SetAudioRtcpStatus@CAudEncWrapper@@QAEHW4RTCPSTATUS@@@Z 10012340 f   audencoderwrapper.obj
 0002:000103f0       ?SetAudFecEnable@CAudEncWrapper@@QAEHH@Z 100123f0 f   audencoderwrapper.obj
 0002:000104a0       ?SetAudFecPackLen@CAudEncWrapper@@QAEHG@Z 100124a0 f   audencoderwrapper.obj
 0002:000104e0       ?SetAudFecIntraFrame@CAudEncWrapper@@QAEHH@Z 100124e0 f   audencoderwrapper.obj
 0002:00010520       ?SetAudFecMode@CAudEncWrapper@@QAEHE@Z 10012520 f   audencoderwrapper.obj
 0002:00010560       ?SetAudFecXY@CAudEncWrapper@@QAEHHH@Z 10012560 f   audencoderwrapper.obj
 0002:000105a0       ?StartSendAudio@CAudEncWrapper@@QAEHI@Z 100125a0 f   audencoderwrapper.obj
 0002:00010680       ?StopSendAudio@CAudEncWrapper@@QAEHXZ 10012680 f   audencoderwrapper.obj
 0002:00010710       ?SetReverseG7221c@CAudEncWrapper@@QAEHH@Z 10012710 f   audencoderwrapper.obj
 0002:000107c0       ?SetNetAudioResend@CAudEncWrapper@@QAEHH@Z 100127c0 f   audencoderwrapper.obj
 0002:00010880       ?CapProcFunc@CAudEncWrapper@@SAXPBEIEEIIHPAX@Z 10012880 f   audencoderwrapper.obj
 0002:000109d0       ?SetAudioVolume@CAudEncWrapper@@QAEXE@Z 100129d0 f   audencoderwrapper.obj
 0002:00010ab0       ?SetAudioSysVolume@CAudEncWrapper@@QAEHE@Z 10012ab0 f   audencoderwrapper.obj
 0002:00010b70       ?GetAudioSysVolume@CAudEncWrapper@@QAEHAAE@Z 10012b70 f   audencoderwrapper.obj
 0002:00010c30       ?SetAudioMode@CAudEncWrapper@@QAEHEG@Z 10012c30 f   audencoderwrapper.obj
 0002:00011260       ?SelectAudioSource@CAudEncWrapper@@QAEGPB_W0@Z 10013260 f   audencoderwrapper.obj
 0002:00011700       ?wcsstr@@YAPA_WPA_WPB_W@Z  10013700 f i audencoderwrapper.obj
 0002:00011750       ?GetCurAudCapDev@CAudEncWrapper@@QAEGAAUTDevNameInfo@@@Z 10013750 f   audencoderwrapper.obj
 0002:000117f0       ?EncAudioFrame@CAudEncWrapper@@QAEGPBEI@Z 100137f0 f   audencoderwrapper.obj
 0002:00011ea0       ?SetAudioCallBack@CAudEncWrapper@@QAEHP6AXEPBEHI@ZI@Z 10013ea0 f   audencoderwrapper.obj
 0002:00011f20       ?RefreshCapDevices@CAudEncWrapper@@QAEXAAV?$vector@UtagAudioDevNameInfo@@V?$allocator@UtagAudioDevNameInfo@@@std@@@std@@AAI@Z 10013f20 f   audencoderwrapper.obj
 0002:00011f70       ?OpusRtpSend@CAudEncWrapper@@UAEXPAEIII@Z 10013f70 f   audencoderwrapper.obj
 0002:00012150       ?PrintStatis@CAudEncWrapper@@QAEXXZ 10014150 f   audencoderwrapper.obj
 0002:00012400       ?GetAudioMode@CAudEncWrapper@@QAEHAAEAAG@Z 10014400 f   audencoderwrapper.obj
 0002:00012450       ?SaveAudio@CAudEncWrapper@@QAEXPBDI@Z 10014450 f   audencoderwrapper.obj
 0002:00012640       ?BufferPcmForEnc@CAudEncWrapper@@QAEGPBEIIII@Z 10014640 f   audencoderwrapper.obj
 0002:00012cb0       ?GetAudioVolume@CAudEncWrapper@@QAEXAAE@Z 10014cb0 f i audencoderwrapper.obj
 0002:00012cf0       ?SetAudEnableCrypt@CAudEncWrapper@@QAEHHPATTMnetCryptCfg@@@Z 10014cf0 f   audencoderwrapper.obj
 0002:00012d80       ?SetAudMnetCryptCfgInit@CAudEncWrapper@@QAEHPATTMnetCryptCfg@@H@Z 10014d80 f   audencoderwrapper.obj
 0002:00012de0       ?SetAudMnetCryptCfgSetCipherAlgorithm@CAudEncWrapper@@QAEHPATTMnetCryptCfg@@W4TMnetCryptDataType@@W4TMnetCryptAlgoType@@@Z 10014de0 f   audencoderwrapper.obj
 0002:00012e40       ?SetAudMnetCryptCfgSetAuthAlgorithm@CAudEncWrapper@@QAEHPATTMnetCryptCfg@@W4TMnetCryptDataType@@W4TMnetCryptAlgoType@@@Z 10014e40 f   audencoderwrapper.obj
 0002:00012ea0       ?SetAudMnetCryptCfgSetMasterKey@CAudEncWrapper@@QAEHPATTMnetCryptCfg@@W4TMnetCryptDataType@@W4TMnetCryptKeyType@@GPAEW4TMnetCrypKeyLen@@4@Z 10014ea0 f   audencoderwrapper.obj
 0002:00012f10       ?SetAudMnetCryptCfgSetCipherKey@CAudEncWrapper@@QAEHPATTMnetCryptCfg@@W4TMnetCryptDataType@@GPAE@Z 10014f10 f   audencoderwrapper.obj
 0002:00012f70       ?SetAudMnetCryptCfgSetAuthKey@CAudEncWrapper@@QAEHPATTMnetCryptCfg@@W4TMnetCryptDataType@@GPAE@Z 10014f70 f   audencoderwrapper.obj
 0002:00012fd0       ?SetAudMnetCryptCfgSetPkt@CAudEncWrapper@@QAEHPATTMnetCryptCfg@@W4TMnetCryptDataType@@W4TMnetCryptPktType@@@Z 10014fd0 f   audencoderwrapper.obj
 0002:00013030       ?SetAudMnetCryptCfgSetAuthTag@CAudEncWrapper@@QAEHPATTMnetCryptCfg@@W4TMnetCryptDataType@@W4TMnetCryptTagLen@@@Z 10015030 f   audencoderwrapper.obj
 0002:00013090       ??0CAudioCapDmo@@QAE@XZ    10015090 f   audiocapdmo.obj
 0002:00013240       ??0CAudioCapCom@@QAE@XZ    10015240 f i audiocapdmo.obj
 0002:000132e0       ??1CAudioCapCom@@UAE@XZ    100152e0 f i audiocapdmo.obj
 0002:00013320       ??_ECAudioCapCom@@UAEPAXI@Z 10015320 f i audiocapdmo.obj
 0002:00013320       ??_GCAudioCapCom@@UAEPAXI@Z 10015320 f i audiocapdmo.obj
 0002:00013380       ??_ECAudioCapDmo@@UAEPAXI@Z 10015380 f i audiocapdmo.obj
 0002:00013380       ??_GCAudioCapDmo@@UAEPAXI@Z 10015380 f i audiocapdmo.obj
 0002:000133e0       ??1CAudioCapDmo@@UAE@XZ    100153e0 f   audiocapdmo.obj
 0002:00013570       ?InitCapThread@CAudioCapDmo@@IAEHXZ 10015570 f   audiocapdmo.obj
 0002:000136b0       ?SetDMOProperties@CAudioCapDmo@@IAEHIIH@Z 100156b0 f   audiocapdmo.obj
 0002:00013ca0       _PropVariantInit           10015ca0 f i audiocapdmo.obj
 0002:00013cf0       ?SetCaptureParam@CAudioCapDmo@@UAEHABUtagAudioCapParam@@H@Z 10015cf0 f   audiocapdmo.obj
 0002:00014100       ?IsCapturing@CAudioCapCom@@QAEHXZ 10016100 f i audiocapdmo.obj
 0002:00014130       ??0MediaBufferImpl@@QAE@K@Z 10016130 f i audiocapdmo.obj
 0002:000141c0       ?GetBufferAndLength@MediaBufferImpl@@UAGJPAPAEPAK@Z 100161c0 f i audiocapdmo.obj
 0002:00014220       ?GetMaxLength@MediaBufferImpl@@UAGJPAK@Z 10016220 f i audiocapdmo.obj
 0002:00014270       ?SetLength@MediaBufferImpl@@UAGJK@Z 10016270 f i audiocapdmo.obj
 0002:000142c0       ?AddRef@MediaBufferImpl@@UAGKXZ 100162c0 f i audiocapdmo.obj
 0002:00014310       ?QueryInterface@MediaBufferImpl@@UAGJABU_GUID@@PAPAX@Z 10016310 f i audiocapdmo.obj
 0002:000143b0       _!=                        100163b0 f i audiocapdmo.obj
 0002:00014400       _==                        10016400 f i audiocapdmo.obj
 0002:00014450       _IsEqualGUID               10016450 f i audiocapdmo.obj
 0002:000144a0       ?Release@MediaBufferImpl@@UAGKXZ 100164a0 f i audiocapdmo.obj
 0002:00014540       ??0IMediaBuffer@@QAE@XZ    10016540 f i audiocapdmo.obj
 0002:00014590       ??_GMediaBufferImpl@@AAEPAXI@Z 10016590 f i audiocapdmo.obj
 0002:000145f0       ??1MediaBufferImpl@@AAE@XZ 100165f0 f i audiocapdmo.obj
 0002:00014650       ??0IUnknown@@QAE@XZ        10016650 f i audiocapdmo.obj
 0002:00014680       ?GetNumCapDevices@CAudioCapDmo@@UAEIXZ 10016680 f   audiocapdmo.obj
 0002:000146d0       ?GetNameCapDevices@CAudioCapDmo@@UAEIGQA_W0@Z 100166d0 f   audiocapdmo.obj
 0002:00014860       ?StartCapture@CAudioCapDmo@@UAEHH@Z 10016860 f   audiocapdmo.obj
 0002:00014990       ?SetPlayDriverInst@CAudioCapDmo@@UAEXPAX@Z 10016990 f   audiocapdmo.obj
 0002:000149c0       ?RealTaskProcess@CAudioCapDmo@@UAEXI@Z 100169c0 f   audiocapdmo.obj
 0002:00014d60       ?CreateDmoInputDevice@@YAPAVCAudioCapCom@@XZ 10016d60 f   audiocapdmo.obj
 0002:00014e20       ??0?$CAutoComInterfacePtr@UIMediaObject@@@@QAE@PAUIMediaObject@@@Z 10016e20 f i audiocapdmo.obj
 0002:00014e60       ??1?$CAutoComInterfacePtr@UIMediaObject@@@@QAE@XZ 10016e60 f i audiocapdmo.obj
 0002:00014ed0       ??4?$CAutoComInterfacePtr@UIMediaObject@@@@QAEPAUIMediaObject@@PAU1@@Z 10016ed0 f i audiocapdmo.obj
 0002:00014f60       ??B?$CAutoComInterfacePtr@UIMediaObject@@@@QBEPAUIMediaObject@@XZ 10016f60 f i audiocapdmo.obj
 0002:00014f90       ??I?$CAutoComInterfacePtr@UIMediaObject@@@@QAEPAPAUIMediaObject@@XZ 10016f90 f i audiocapdmo.obj
 0002:00014fc0       ??C?$CAutoComInterfacePtr@UIMediaObject@@@@QBEPAUIMediaObject@@XZ 10016fc0 f i audiocapdmo.obj
 0002:00014ff0       ??0?$CAutoComInterfacePtr@UIMediaBuffer@@@@QAE@PAUIMediaBuffer@@@Z 10016ff0 f i audiocapdmo.obj
 0002:00015030       ??1?$CAutoComInterfacePtr@UIMediaBuffer@@@@QAE@XZ 10017030 f i audiocapdmo.obj
 0002:000150a0       ??4?$CAutoComInterfacePtr@UIMediaBuffer@@@@QAEPAUIMediaBuffer@@PAU1@@Z 100170a0 f i audiocapdmo.obj
 0002:00015130       ??B?$CAutoComInterfacePtr@UIMediaBuffer@@@@QBEPAUIMediaBuffer@@XZ 10017130 f i audiocapdmo.obj
 0002:00015160       ??C?$CAutoComInterfacePtr@UIMediaBuffer@@@@QBEPAUIMediaBuffer@@XZ 10017160 f i audiocapdmo.obj
 0002:00015190       ??0?$CAutoComInterfacePtr@UIPropertyStore@@@@QAE@PAUIPropertyStore@@@Z 10017190 f i audiocapdmo.obj
 0002:000151d0       ??1?$CAutoComInterfacePtr@UIPropertyStore@@@@QAE@XZ 100171d0 f i audiocapdmo.obj
 0002:00015240       ??4?$CAutoComInterfacePtr@UIPropertyStore@@@@QAEPAUIPropertyStore@@PAU1@@Z 10017240 f i audiocapdmo.obj
 0002:000152d0       ??C?$CAutoComInterfacePtr@UIPropertyStore@@@@QBEPAUIPropertyStore@@XZ 100172d0 f i audiocapdmo.obj
 0002:00015300       ??0?$CAutoComInterfacePtr@UIMMDeviceCollection@@@@QAE@PAUIMMDeviceCollection@@@Z 10017300 f i audiocapdmo.obj
 0002:00015340       ??1?$CAutoComInterfacePtr@UIMMDeviceCollection@@@@QAE@XZ 10017340 f i audiocapdmo.obj
 0002:000153b0       ??B?$CAutoComInterfacePtr@UIMMDeviceCollection@@@@QBEPAUIMMDeviceCollection@@XZ 100173b0 f i audiocapdmo.obj
 0002:000153e0       ??I?$CAutoComInterfacePtr@UIMMDeviceCollection@@@@QAEPAPAUIMMDeviceCollection@@XZ 100173e0 f i audiocapdmo.obj
 0002:00015410       ??_ECAudioCapDmo@@WCE@AEPAXI@Z 10017410 f i audiocapdmo.obj
 0002:00015420       ??0CAudioCapWasapi@@QAE@XZ 10017420 f   audiocapwasapi.obj
 0002:000155a0       ??_ECAudioCapWasapi@@UAEPAXI@Z 100175a0 f i audiocapwasapi.obj
 0002:000155a0       ??_GCAudioCapWasapi@@UAEPAXI@Z 100175a0 f i audiocapwasapi.obj
 0002:00015600       ??1CAudioCapWasapi@@UAE@XZ 10017600 f   audiocapwasapi.obj
 0002:000158b0       ?SetCaptureParam@CAudioCapWasapi@@UAEHABUtagAudioCapParam@@H@Z 100178b0 f   audiocapwasapi.obj
 0002:00015bd0       ?GetNumCapDevices@CAudioCapWasapi@@UAEIXZ 10017bd0 f   audiocapwasapi.obj
 0002:00015c20       ?GetNameCapDevices@CAudioCapWasapi@@UAEIGQA_W0@Z 10017c20 f   audiocapwasapi.obj
 0002:00015db0       ?StartCapture@CAudioCapWasapi@@UAEHH@Z 10017db0 f   audiocapwasapi.obj
 0002:00015ff0       ?SetPlayDriverInst@CAudioCapWasapi@@UAEXPAX@Z 10017ff0 f   audiocapwasapi.obj
 0002:00016020       ?InitCapThread@CAudioCapWasapi@@IAEHXZ 10018020 f   audiocapwasapi.obj
 0002:00016130       ?RealTaskProcess@CAudioCapWasapi@@UAEXI@Z 10018130 f   audiocapwasapi.obj
 0002:000166a0       ?RealStartWork@CAudioCapWasapi@@IAEGXZ 100186a0 f   audiocapwasapi.obj
 0002:00017200       ?TestWasApiCap@@YAHXZ      10019200 f   audiocapwasapi.obj
 0002:000173c0       ?CreateWasapiInputDevice@@YAPAVCAudioCapCom@@XZ 100193c0 f   audiocapwasapi.obj
 0002:00017480       ??_ECAudioCapWasapi@@WCE@AEPAXI@Z 10019480 f i audiocapwasapi.obj
 0002:00017490       ?TraceWaveInError@@YAXI@Z  10019490 f   audiocapwav.obj
 0002:00017550       ?GetNumCapDevices@CAudioCapWav@@UAEIXZ 10019550 f   audiocapwav.obj
 0002:000175a0       ?GetNameCapDevices@CAudioCapWav@@UAEIGQA_W0@Z 100195a0 f   audiocapwav.obj
 0002:000178c0       ?StartCapture@CAudioCapWav@@UAEHH@Z 100198c0 f   audiocapwav.obj
 0002:00017df0       ?SetCaptureParam@CAudioCapWav@@UAEHABUtagAudioCapParam@@H@Z 10019df0 f   audiocapwav.obj
 0002:00017ef0       ?PrepareCapBuffer@CAudioCapWav@@QAEHXZ 10019ef0 f   audiocapwav.obj
 0002:00018290       ??0CAudioCapWav@@QAE@XZ    1001a290 f   audiocapwav.obj
 0002:00018450       ?SetPlayDriverInst@CAudioCapWav@@UAEXPAX@Z 1001a450 f i audiocapwav.obj
 0002:00018490       ??_ECAudioCapWav@@UAEPAXI@Z 1001a490 f i audiocapwav.obj
 0002:00018490       ??_GCAudioCapWav@@UAEPAXI@Z 1001a490 f i audiocapwav.obj
 0002:000184f0       ??1CAudioCapWav@@UAE@XZ    1001a4f0 f   audiocapwav.obj
 0002:000186a0       ?RealTaskProcess@CAudioCapWav@@UAEXI@Z 1001a6a0 f   audiocapwav.obj
 0002:00018860       ?GetRecordingBufferDelay@CAudioCapWav@@QAEHAAI0@Z 1001a860 f   audiocapwav.obj
 0002:00018cf0       ?GetClockDrift@CAudioCapWav@@QAEHII@Z 1001acf0 f   audiocapwav.obj
 0002:00018e20       ?ReadOneBuffer@CAudioCapWav@@QAEIAA_JII@Z 1001ae20 f   audiocapwav.obj
 0002:00019350       ?CreateWavInDevice@@YAPAVCAudioCapCom@@XZ 1001b350 f   audiocapwav.obj
 0002:00019410       ??_ECAudioCapWav@@WCE@AEPAXI@Z 1001b410 f i audiocapwav.obj
 0002:00019420       ??0CKdvMp3Codec@@QAE@XZ    1001b420 f   audiocodec.obj
 0002:000195e0       ??0CAudioStreamCallback@@QAE@XZ 1001b5e0 f i audiocodec.obj
 0002:00019640       ??_GCAudioStreamCallback@@UAEPAXI@Z 1001b640 f i audiocodec.obj
 0002:00019640       ??_ECAudioStreamCallback@@UAEPAXI@Z 1001b640 f i audiocodec.obj
 0002:000196a0       ??0AudioPacketizationCallback@mediawrapper@@QAE@XZ 1001b6a0 f i audiocodec.obj
 0002:000196e0       ??_GAudioPacketizationCallback@mediawrapper@@UAEPAXI@Z 1001b6e0 f i audiocodec.obj
 0002:000196e0       ??_EAudioPacketizationCallback@mediawrapper@@UAEPAXI@Z 1001b6e0 f i audiocodec.obj
 0002:00019740       ??1AudioPacketizationCallback@mediawrapper@@UAE@XZ 1001b740 f i audiocodec.obj
 0002:00019780       ??1CAudioStreamCallback@@UAE@XZ 1001b780 f i audiocodec.obj
 0002:000197c0       ??_ECKdvMp3Codec@@UAEPAXI@Z 1001b7c0 f i audiocodec.obj
 0002:000197c0       ??_GCKdvMp3Codec@@UAEPAXI@Z 1001b7c0 f i audiocodec.obj
 0002:00019820       ??1CKdvMp3Codec@@UAE@XZ    1001b820 f   audiocodec.obj
 0002:00019970       ?SetConvertFormat@CKdvMp3Codec@@IAEHPAUtWAVEFORMATEX@@0H@Z 1001b970 f   audiocodec.obj
 0002:000199f0       ?Init@CKdvMp3Codec@@IAEHHHH@Z 1001b9f0 f   audiocodec.obj
 0002:00019f50       ?Free@CKdvMp3Codec@@QAEHXZ 1001bf50 f   audiocodec.obj
 0002:0001a1b0       ?Convert@CKdvMp3Codec@@QAEHPBEHPAPAEAAH@Z 1001c1b0 f   audiocodec.obj
 0002:0001a320       ?SetAudioDecType@CKdvMp3Codec@@QAEGEI@Z 1001c320 f   audiocodec.obj
 0002:0001a380       ?SetRatio@CKdvMp3Codec@@QAEHHEHHAAH@Z 1001c380 f   audiocodec.obj
 0002:0001a690       ?SetAudioDecParam@CKdvMp3Codec@@QAEHII@Z 1001c690 f   audiocodec.obj
 0002:0001a700       ?SetRatioOpus@CKdvMp3Codec@@QAEHHEHHAAH@Z 1001c700 f   audiocodec.obj
 0002:0001ac50       ?SetParam@CAudioStreamCallback@@QAEHPAX@Z 1001cc50 f i audiocodec.obj
 0002:0001ac90       ?EncodeOpus@CKdvMp3Codec@@QAEHPBEH@Z 1001cc90 f   audiocodec.obj
 0002:0001aea0       ?UpdateFrame@AudioFrame@mediawrapper@@QAEXHIPBFHHW4SpeechType@12@W4VADActivity@12@HI@Z 1001cea0 f i audiocodec.obj
 0002:0001af80       ?DecodeOpus@CKdvMp3Codec@@QAEHPAUtagAudDataStream@@@Z 1001cf80 f   audiocodec.obj
 0002:0001b0b0       ?CalcStatis@CKdvMp3Codec@@QAEXIAAI0@Z 1001d0b0 f   audiocodec.obj
 0002:0001b1b0       ?SendData@CAudioStreamCallback@@UAEHW4FrameType@mediawrapper@@EIPBEGPBVRTPFragmentationHeader@3@@Z 1001d1b0 f   audiocodec.obj
 0002:0001b3b0       _RegistAudEncoder          1001d3b0 f   audiocommand.obj
 0002:0001b3e0       _RegistAudDecoder          1001d3e0 f   audiocommand.obj
 0002:0001b410       _printallaudiodevice       1001d410 f   audiocommand.obj
 0002:0001b700       _getcuraudiodevice         1001d700 f   audiocommand.obj
 0002:0001b940       _testaudcap                1001d940 f   audiocommand.obj
 0002:0001ba90       _testaudplay               1001da90 f   audiocommand.obj
 0002:0001bbe0       _createaudencwrapper       1001dbe0 f   audiocommand.obj
 0002:0001bce0       _destroyaudencwrapper      1001dce0 f   audiocommand.obj
 0002:0001bdf0       _setaudmode                1001ddf0 f   audiocommand.obj
 0002:0001be50       _setencvol                 1001de50 f   audiocommand.obj
 0002:0001bea0       _setsysvol                 1001dea0 f   audiocommand.obj
 0002:0001bef0       _getencvol                 1001def0 f   audiocommand.obj
 0002:0001bf60       _getsysvol                 1001df60 f   audiocommand.obj
 0002:0001bfd0       _setaudsendparam           1001dfd0 f   audiocommand.obj
 0002:0001c660       _startaudsend              1001e660 f   audiocommand.obj
 0002:0001c6d0       _pGetInputAudioPowerCB     1001e6d0 f   audiocommand.obj
 0002:0001c720       _startaudcap               1001e720 f   audiocommand.obj
 0002:0001c780       _startaudenc               1001e780 f   audiocommand.obj
 0002:0001c7d0       _setaudnetband             1001e7d0 f   audiocommand.obj
 0002:0001c820       _setaudresend              1001e820 f   audiocommand.obj
 0002:0001c870       _selectaudcap              1001e870 f   audiocommand.obj
 0002:0001c960       _saveaec                   1001e960 f   audiocommand.obj
 0002:0001c9b0       _setautogain               1001e9b0 f   audiocommand.obj
 0002:0001ca00       ?SetAudioCapAutoGain@CAudEncWrapper@@QAEXH@Z 1001ea00 f i audiocommand.obj
 0002:0001ca40       _getautogain               1001ea40 f   audiocommand.obj
 0002:0001cae0       ?GetAudioCapAutoGain@CAudEncWrapper@@QAEXAAH@Z 1001eae0 f i audiocommand.obj
 0002:0001cb20       _saveaenc                  1001eb20 f   audiocommand.obj
 0002:0001cc30       _setreve                   1001ec30 f   audiocommand.obj
 0002:0001cc80       _setencaudmute             1001ec80 f   audiocommand.obj
 0002:0001ccd0       ?SetAudioMute@CKdvMp3Codec@@QAEXH@Z 1001ecd0 f i audiocommand.obj
 0002:0001cd10       _captest                   1001ed10 f   audiocommand.obj
 0002:0001cd60       _opensysaec                1001ed60 f   audiocommand.obj
 0002:0001cdb0       _setaudencryptkey          1001edb0 f   audiocommand.obj
 0002:0001ce30       _setaudencpt               1001ee30 f   audiocommand.obj
 0002:0001ce90       _createauddeccwrapper      1001ee90 f   audiocommand.obj
 0002:0001cf90       _destroyauddeccwrapper     1001ef90 f   audiocommand.obj
 0002:0001d0a0       _clearauddecbuf            1001f0a0 f   audiocommand.obj
 0002:0001d0f0       _saveadec                  1001f0f0 f   audiocommand.obj
 0002:0001d200       _setaudrecvparam           1001f200 f   audiocommand.obj
 0002:0001d7c0       _startaudrecv              1001f7c0 f   audiocommand.obj
 0002:0001d830       _pGetOutPutAudioPowerCB    1001f830 f   audiocommand.obj
 0002:0001d880       _startaudplay              1001f880 f   audiocommand.obj
 0002:0001d8f0       _startauddec               1001f8f0 f   audiocommand.obj
 0002:0001d950       _selectaudplay             1001f950 f   audiocommand.obj
 0002:0001da40       _adump                     1001fa40 f   audiocommand.obj
 0002:0001dab0       _setdecreve                1001fab0 f   audiocommand.obj
 0002:0001db00       _setdecvol                 1001fb00 f   audiocommand.obj
 0002:0001db50       _getdecvol                 1001fb50 f   audiocommand.obj
 0002:0001dbc0       _setdecsysvol              1001fbc0 f   audiocommand.obj
 0002:0001dc10       _getdecsysvol              1001fc10 f   audiocommand.obj
 0002:0001dc80       _setdecaudmute             1001fc80 f   audiocommand.obj
 0002:0001dce0       _plytest                   1001fce0 f   audiocommand.obj
 0002:0001dd40       _setauddecryptkey          1001fd40 f   audiocommand.obj
 0002:0001de50       _setaudencfecenable        1001fe50 f   audiocommand.obj
 0002:0001dec0       _setauddecfecenable        1001fec0 f   audiocommand.obj
 0002:0001df30       _setaudrat                 1001ff30 f   audiocommand.obj
 0002:0001dfa0       _getaudrat                 1001ffa0 f   audiocommand.obj
 0002:0001e030       _setauddecspelevel         10020030 f   audiocommand.obj
 0002:0001e0a0       _getauddecspelevel         100200a0 f   audiocommand.obj
 0002:0001e140       ?InitAudioDriverInst@@YAXXZ 10020140 f   audiocommand.obj
 0002:0001e280       ?DeInitAudioDriverInst@@YAXXZ 10020280 f   audiocommand.obj
 0002:0001e5a0       ?GetWavformatFromMode@@YAHEHIPAPAUtWAVEFORMATEX@@0@Z 100205a0 f   audiocommon.obj
 0002:0001e720       ?GetAudLenPerFrame@@YAII@Z 10020720 f   audiocommon.obj
 0002:0001e7c0       ?GetPcmHeadFromMode@@YAHEAAUtagAudioPram@@@Z 100207c0 f   audiocommon.obj
 0002:0001e830       ?AudioModeToMediaType@@YAEE@Z 10020830 f   audiocommon.obj
 0002:0001e980       ?MediaTypeToAudioMode@@YAXEAAE@Z 10020980 f   audiocommon.obj
 0002:0001eb40       ?AudioCap16Bit32kTo8kTrans@@YAXPAX0HH@Z 10020b40 f   audiocommon.obj
 0002:0001ecf0       ?TestPlayCallback@@YAXIEEIPAEPAX@Z 10020cf0 f   audiodeviceman.obj
 0002:0001ed60       ?TestCapCallback@@YAXPBEIEEIIHPAX@Z 10020d60 f   audiodeviceman.obj
 0002:0001edd0       ?GetSingletonPtr@CAudioDeviceMan@@SAPAV1@XZ 10020dd0 f   audiodeviceman.obj
 0002:0001ee00       ?GetSingleton@CAudioDeviceMan@@SAAAV1@XZ 10020e00 f   audiodeviceman.obj
 0002:0001ee30       ??0CAudioDeviceMan@@QAE@XZ 10020e30 f   audiodeviceman.obj
 0002:0001eea0       ??_GCAudioDeviceMan@@UAEPAXI@Z 10020ea0 f i audiodeviceman.obj
 0002:0001eea0       ??_ECAudioDeviceMan@@UAEPAXI@Z 10020ea0 f i audiodeviceman.obj
 0002:0001ef00       ??1CAudioDeviceMan@@UAE@XZ 10020f00 f   audiodeviceman.obj
 0002:0001ef90       ?Init@CAudioDeviceMan@@QAEGW4ENAUDIOAPI@@@Z 10020f90 f   audiodeviceman.obj
 0002:0001f0f0       ?SetCapCallBack@CAudioCapCom@@QAEXP6AXPBEIEEIIHPAX@Z1@Z 100210f0 f i audiodeviceman.obj
 0002:0001f140       ?SetPlayCallBack@CAudioPlayCom@@QAEXP6AXIEEIPAEPAX@Z1@Z 10021140 f i audiodeviceman.obj
 0002:0001f190       ?Destroy@CAudioDeviceMan@@QAEGXZ 10021190 f   audiodeviceman.obj
 0002:0001f2f0       ?RefeshPlay@CAudioDeviceMan@@QAEGAAV?$vector@UtagAudioDevNameInfo@@V?$allocator@UtagAudioDevNameInfo@@@std@@@std@@AAI@Z 100212f0 f   audiodeviceman.obj
 0002:0001f510       ?SelectCapDevice@CAudioDeviceMan@@QAEGPAUtagAudioDevNameInfo@@ABUtagAudioCapParam@@@Z 10021510 f   audiodeviceman.obj
 0002:0001f830       ?GetCaptureParam@CAudioCapCom@@QAEXAAUtagAudioCapParam@@@Z 10021830 f i audiodeviceman.obj
 0002:0001f890       ?SelectPlayDevice@CAudioDeviceMan@@QAEGPAUtagAudioDevNameInfo@@ABUtagAudioPlayParam@@@Z 10021890 f   audiodeviceman.obj
 0002:0001fb20       ?GetPlayParam@CAudioPlayCom@@QAEXAAUtagAudioPlayParam@@@Z 10021b20 f i audiodeviceman.obj
 0002:0001fb80       ?StartPlayout@CAudioDeviceMan@@QAEGH@Z 10021b80 f   audiodeviceman.obj
 0002:0001fc00       ?IsPlaying@CAudioDeviceMan@@QBEGXZ 10021c00 f   audiodeviceman.obj
 0002:0001fc60       ?IsPlaying@CAudioPlayCom@@QAEHXZ 10021c60 f i audiodeviceman.obj
 0002:0001fc90       ?StartCapture@CAudioDeviceMan@@QAEGH@Z 10021c90 f   audiodeviceman.obj
 0002:0001fd10       ?IsCapturing@CAudioDeviceMan@@QBEGXZ 10021d10 f   audiodeviceman.obj
 0002:0001fd70       ?RefeshCap@CAudioDeviceMan@@QAEGAAV?$vector@UtagAudioDevNameInfo@@V?$allocator@UtagAudioDevNameInfo@@@std@@@std@@AAI@Z 10021d70 f   audiodeviceman.obj
 0002:0001ff90       ?GetAudioCapParam@CAudioDeviceMan@@QAEGAAUtagAudioCapParam@@@Z 10021f90 f   audiodeviceman.obj
 0002:0001fff0       ?GetAudioPlayParam@CAudioDeviceMan@@QAEGAAUtagAudioPlayParam@@@Z 10021ff0 f   audiodeviceman.obj
 0002:00020050       ?SetAudioPlayCallBack@CAudioDeviceMan@@QAEGP6AXIEEIPAEPAX@Z1@Z 10022050 f   audiodeviceman.obj
 0002:000200b0       ?SetAudioCapCallBack@CAudioDeviceMan@@QAEGP6AXPBEIEEIIHPAX@Z1@Z 100220b0 f   audiodeviceman.obj
 0002:00020110       ?OpenSysAEC@CAudioDeviceMan@@QAEGH@Z 10022110 f   audiodeviceman.obj
 0002:00020290       ?empty@?$basic_string@_WU?$char_traits@_W@std@@V?$allocator@_W@2@@std@@QBE_NXZ 10022290 f i audiodeviceman.obj
 0002:000202d0       ?compare@?$basic_string@_WU?$char_traits@_W@std@@V?$allocator@_W@2@@std@@QBEHABV12@@Z 100222d0 f i audiodeviceman.obj
 0002:00020330       ??0?$Singleton@VCAudioDeviceMan@@@@QAE@XZ 10022330 f i audiodeviceman.obj
 0002:00020390       ??1?$Singleton@VCAudioDeviceMan@@@@QAE@XZ 10022390 f i audiodeviceman.obj
 0002:000203d0       ?push_back@?$vector@UtagAudioDevNameInfo@@V?$allocator@UtagAudioDevNameInfo@@@std@@@std@@QAEXABUtagAudioDevNameInfo@@@Z 100223d0 f i audiodeviceman.obj
 0002:00020500       ?clear@?$vector@UtagAudioDevNameInfo@@V?$allocator@UtagAudioDevNameInfo@@@std@@@std@@QAEXXZ 10022500 f i audiodeviceman.obj
 0002:00020590       ?begin@?$vector@UtagAudioDevNameInfo@@V?$allocator@UtagAudioDevNameInfo@@@std@@@std@@QAE?AV?$_Vector_iterator@V?$_Vector_val@UtagAudioDevNameInfo@@V?$allocator@UtagAudioDevNameInfo@@@std@@@std@@@2@XZ 10022590 f i audiodeviceman.obj
 0002:000205e0       ?end@?$vector@UtagAudioDevNameInfo@@V?$allocator@UtagAudioDevNameInfo@@@std@@@std@@QAE?AV?$_Vector_iterator@V?$_Vector_val@UtagAudioDevNameInfo@@V?$allocator@UtagAudioDevNameInfo@@@std@@@std@@@2@XZ 100225e0 f i audiodeviceman.obj
 0002:00020630       ?erase@?$vector@UtagAudioDevNameInfo@@V?$allocator@UtagAudioDevNameInfo@@@std@@@std@@QAE?AV?$_Vector_iterator@V?$_Vector_val@UtagAudioDevNameInfo@@V?$allocator@UtagAudioDevNameInfo@@@std@@@std@@@2@V?$_Vector_const_iterator@V?$_Vector_val@UtagAudioDevNameInfo@@V?$allocator@UtagAudioDevNameInfo@@@std@@@std@@@2@0@Z 10022630 f i audiodeviceman.obj
 0002:00020740       ?_Inside@?$vector@UtagAudioDevNameInfo@@V?$allocator@UtagAudioDevNameInfo@@@std@@@std@@IBE_NPBUtagAudioDevNameInfo@@@Z 10022740 f i audiodeviceman.obj
 0002:000207a0       ?_Reserve@?$vector@UtagAudioDevNameInfo@@V?$allocator@UtagAudioDevNameInfo@@@std@@@std@@IAEXI@Z 100227a0 f i audiodeviceman.obj
 0002:00020830       ?_Orphan_range@?$vector@UtagAudioDevNameInfo@@V?$allocator@UtagAudioDevNameInfo@@@std@@@std@@IBEXPAUtagAudioDevNameInfo@@0@Z 10022830 f i audiodeviceman.obj
 0002:00020860       ?reserve@?$vector@UtagAudioDevNameInfo@@V?$allocator@UtagAudioDevNameInfo@@@std@@@std@@QAEXI@Z 10022860 f i audiodeviceman.obj
 0002:000209e0       ?capacity@?$vector@UtagAudioDevNameInfo@@V?$allocator@UtagAudioDevNameInfo@@@std@@@std@@QBEIXZ 100229e0 f i audiodeviceman.obj
 0002:00020a20       ?_Make_iter@?$vector@UtagAudioDevNameInfo@@V?$allocator@UtagAudioDevNameInfo@@@std@@@std@@QBE?AV?$_Vector_iterator@V?$_Vector_val@UtagAudioDevNameInfo@@V?$allocator@UtagAudioDevNameInfo@@@std@@@std@@@2@V?$_Vector_const_iterator@V?$_Vector_val@UtagAudioDevNameInfo@@V?$allocator@UtagAudioDevNameInfo@@@std@@@std@@@2@@Z 10022a20 f i audiodeviceman.obj
 0002:00020a70       ?size@?$vector@UtagAudioDevNameInfo@@V?$allocator@UtagAudioDevNameInfo@@@std@@@std@@QBEIXZ 10022a70 f i audiodeviceman.obj
 0002:00020ab0       ?max_size@?$vector@UtagAudioDevNameInfo@@V?$allocator@UtagAudioDevNameInfo@@@std@@@std@@QBEIXZ 10022ab0 f i audiodeviceman.obj
 0002:00020b00       ?_Grow_to@?$vector@UtagAudioDevNameInfo@@V?$allocator@UtagAudioDevNameInfo@@@std@@@std@@IBEII@Z 10022b00 f i audiodeviceman.obj
 0002:00020b90       ?_Xlen@?$vector@UtagAudioDevNameInfo@@V?$allocator@UtagAudioDevNameInfo@@@std@@@std@@IBEXXZ 10022b90 f i audiodeviceman.obj
 0002:00020be0       ??0?$_Vector_iterator@V?$_Vector_val@UtagAudioDevNameInfo@@V?$allocator@UtagAudioDevNameInfo@@@std@@@std@@@std@@QAE@PAUtagAudioDevNameInfo@@PBU_Container_base0@1@@Z 10022be0 f i audiodeviceman.obj
 0002:00020c30       ??9?$_Vector_const_iterator@V?$_Vector_val@UtagAudioDevNameInfo@@V?$allocator@UtagAudioDevNameInfo@@@std@@@std@@@std@@QBE_NABV01@@Z 10022c30 f i audiodeviceman.obj
 0002:00020c80       ?allocate@?$allocator@UtagAudioDevNameInfo@@@std@@QAEPAUtagAudioDevNameInfo@@I@Z 10022c80 f i audiodeviceman.obj
 0002:00020cd0       ?max_size@?$allocator@UtagAudioDevNameInfo@@@std@@QBEIXZ 10022cd0 f i audiodeviceman.obj
 0002:00020d30       ??0?$_Vector_const_iterator@V?$_Vector_val@UtagAudioDevNameInfo@@V?$allocator@UtagAudioDevNameInfo@@@std@@@std@@@std@@QAE@PAUtagAudioDevNameInfo@@PBU_Container_base0@1@@Z 10022d30 f i audiodeviceman.obj
 0002:00020d80       ?_Adopt@_Iterator_base0@std@@QAEXPBX@Z 10022d80 f i audiodeviceman.obj
 0002:00020db0       ??8?$_Vector_const_iterator@V?$_Vector_val@UtagAudioDevNameInfo@@V?$allocator@UtagAudioDevNameInfo@@@std@@@std@@@std@@QBE_NABV01@@Z 10022db0 f i audiodeviceman.obj
 0002:00020e10       ?_Compat@?$_Vector_const_iterator@V?$_Vector_val@UtagAudioDevNameInfo@@V?$allocator@UtagAudioDevNameInfo@@@std@@@std@@@std@@QBEXABV12@@Z 10022e10 f i audiodeviceman.obj
 0002:00020e40       ??$addressof@$$CBUtagAudioDevNameInfo@@@std@@YAPBUtagAudioDevNameInfo@@ABU1@@Z 10022e40 f i audiodeviceman.obj
 0002:00020e70       ??$_Cons_val@V?$allocator@UtagAudioDevNameInfo@@@std@@UtagAudioDevNameInfo@@AAU3@@std@@YAXAAV?$allocator@UtagAudioDevNameInfo@@@0@PAUtagAudioDevNameInfo@@AAU2@@Z 10022e70 f i audiodeviceman.obj
 0002:00020ec0       ??$_Cons_val@V?$allocator@UtagAudioDevNameInfo@@@std@@UtagAudioDevNameInfo@@ABU3@@std@@YAXAAV?$allocator@UtagAudioDevNameInfo@@@0@PAUtagAudioDevNameInfo@@ABU2@@Z 10022ec0 f i audiodeviceman.obj
 0002:00020f10       ??$_Move@PAUtagAudioDevNameInfo@@PAU1@@std@@YAPAUtagAudioDevNameInfo@@PAU1@00@Z 10022f10 f i audiodeviceman.obj
 0002:00020f80       ??$_Umove@PAUtagAudioDevNameInfo@@@?$vector@UtagAudioDevNameInfo@@V?$allocator@UtagAudioDevNameInfo@@@std@@@std@@IAEPAUtagAudioDevNameInfo@@PAU2@00@Z 10022f80 f i audiodeviceman.obj
 0002:00020fe0       ??$_Allocate@UtagAudioDevNameInfo@@@std@@YAPAUtagAudioDevNameInfo@@IPAU1@@Z 10022fe0 f i audiodeviceman.obj
 0002:00021070       ?construct@?$allocator@UtagAudioDevNameInfo@@@std@@QAEXPAUtagAudioDevNameInfo@@ABU3@@Z 10023070 f i audiodeviceman.obj
 0002:000210c0       ??$forward@AAUtagAudioDevNameInfo@@@std@@YAAAUtagAudioDevNameInfo@@AAU1@@Z 100230c0 f i audiodeviceman.obj
 0002:000210f0       ??$construct@AAUtagAudioDevNameInfo@@@?$allocator@UtagAudioDevNameInfo@@@std@@QAEXPAUtagAudioDevNameInfo@@AAU2@@Z 100230f0 f i audiodeviceman.obj
 0002:000211c0       ??2@YAPAXIPAX@Z            100231c0 f i audiodeviceman.obj
 0002:000211f0       ??3@YAXPAX0@Z              100231f0 f i audiodeviceman.obj
 0002:00021220       ??$forward@ABUtagAudioDevNameInfo@@@std@@YAABUtagAudioDevNameInfo@@ABU1@@Z 10023220 f i audiodeviceman.obj
 0002:00021250       ??$_Move@PAUtagAudioDevNameInfo@@PAU1@@std@@YAPAUtagAudioDevNameInfo@@PAU1@00U_Nonscalar_ptr_iterator_tag@0@@Z 10023250 f i audiodeviceman.obj
 0002:000212c0       ??$_Uninitialized_move@PAUtagAudioDevNameInfo@@PAU1@V?$allocator@UtagAudioDevNameInfo@@@std@@@std@@YAPAUtagAudioDevNameInfo@@PAU1@00AAV?$allocator@UtagAudioDevNameInfo@@@0@@Z 100232c0 f i audiodeviceman.obj
 0002:00021340       ??$_Construct@UtagAudioDevNameInfo@@ABU1@@std@@YAXPAUtagAudioDevNameInfo@@ABU1@@Z 10023340 f i audiodeviceman.obj
 0002:00021410       ??0tagAudioDevNameInfo@@QAE@ABU0@@Z 10023410 f i audiodeviceman.obj
 0002:000214b0       ??0?$basic_string@_WU?$char_traits@_W@std@@V?$allocator@_W@2@@std@@QAE@ABV01@@Z 100234b0 f i audiodeviceman.obj
 0002:00021570       ??$move@AAUtagAudioDevNameInfo@@@std@@YA$$QAUtagAudioDevNameInfo@@AAU1@@Z 10023570 f i audiodeviceman.obj
 0002:000215a0       ??$_Val_type@PAUtagAudioDevNameInfo@@@std@@YAPAUtagAudioDevNameInfo@@PAU1@@Z 100235a0 f i audiodeviceman.obj
 0002:000215d0       ??$_Uninit_move@PAUtagAudioDevNameInfo@@PAU1@V?$allocator@UtagAudioDevNameInfo@@@std@@U1@@std@@YAPAUtagAudioDevNameInfo@@PAU1@00AAV?$allocator@UtagAudioDevNameInfo@@@0@0U_Nonscalar_ptr_iterator_tag@0@@Z 100235d0 f i audiodeviceman.obj
 0002:000216c0       ??$_Cons_val@V?$allocator@UtagAudioDevNameInfo@@@std@@UtagAudioDevNameInfo@@U3@@std@@YAXAAV?$allocator@UtagAudioDevNameInfo@@@0@PAUtagAudioDevNameInfo@@$$QAU2@@Z 100236c0 f i audiodeviceman.obj
 0002:00021710       ?construct@?$allocator@UtagAudioDevNameInfo@@@std@@QAEXPAUtagAudioDevNameInfo@@$$QAU3@@Z 10023710 f i audiodeviceman.obj
 0002:000217e0       ??$forward@UtagAudioDevNameInfo@@@std@@YA$$QAUtagAudioDevNameInfo@@AAU1@@Z 100237e0 f i audiodeviceman.obj
 0002:00021810       ?DestroyAudioDecoder@CKdvDecoder@@IAEXXZ 10023810 f   audiointerfaceimp.obj
 0002:000218b0       ?InitialAudioDecoder@CKdvDecoder@@QAEGABUtagInitAudDecoder@@@Z 100238b0 f   audiointerfaceimp.obj
 0002:000219c0       ?SelectAudioPlayDev@CKdvDecoder@@QAEGPB_W0@Z 100239c0 f   audiointerfaceimp.obj
 0002:00021a20       ?GetCurAudPlyDev@CKdvDecoder@@QAEGAAUTDevNameInfo@@@Z 10023a20 f   audiointerfaceimp.obj
 0002:00021a80       ?SetAudioSoftVolume@CKdvDecoder@@QAEGE@Z 10023a80 f   audiointerfaceimp.obj
 0002:00021ae0       ?GetAudioSoftVolume@CKdvDecoder@@QAEGAAE@Z 10023ae0 f   audiointerfaceimp.obj
 0002:00021b40       ?SetAudioVolume@CKdvDecoder@@QAEGE@Z 10023b40 f   audiointerfaceimp.obj
 0002:00021bb0       ?GetAudioVolume@CKdvDecoder@@QAEGAAE@Z 10023bb0 f   audiointerfaceimp.obj
 0002:00021c10       ?SetAudioMute@CKdvDecoder@@QAEGH@Z 10023c10 f   audiointerfaceimp.obj
 0002:00021c70       ?GetAudioMute@CKdvDecoder@@QAEGAAH@Z 10023c70 f   audiointerfaceimp.obj
 0002:00021cd0       ?IsMute@CKdvMp3Codec@@QAEHXZ 10023cd0 f i audiointerfaceimp.obj
 0002:00021d00       ?SetAudioDecType@CKdvDecoder@@QAEGEI@Z 10023d00 f   audiointerfaceimp.obj
 0002:00021d60       ?StartAudioDec@CKdvDecoder@@QAEGXZ 10023d60 f   audiointerfaceimp.obj
 0002:00021dd0       ?StopAudioDec@CKdvDecoder@@QAEGXZ 10023dd0 f   audiointerfaceimp.obj
 0002:00021e40       ?SetAudioCallBack@CKdvDecoder@@QAEGP6AXEPBEHI@ZI@Z 10023e40 f   audiointerfaceimp.obj
 0002:00021ea0       ?SetAudioDecPCMCallBack@CKdvDecoder@@QAEGP6AXPAEHIIII@ZI@Z 10023ea0 f   audiointerfaceimp.obj
 0002:00021f00       ?SetOutputAudioPowerCB@CKdvDecoder@@QAEGP6AXEI@ZI@Z 10023f00 f   audiointerfaceimp.obj
 0002:00021f60       ?SetAudioDecParam@CKdvDecoder@@QAEGII@Z 10023f60 f   audiointerfaceimp.obj
 0002:00021fd0       ?SetAuditoPlyTest@CKdvDecoder@@QAEGH@Z 10023fd0 f   audiointerfaceimp.obj
 0002:00022030       ?SetAudioActivePT@CKdvDecoder@@QAEGEE@Z 10024030 f   audiointerfaceimp.obj
 0002:000220a0       ?SetAudioActivePT@CKdvDecoder@@QAEGUtagMapSet@@@Z 100240a0 f   audiointerfaceimp.obj
 0002:00022150       ?SetAudDecryptKey@CKdvDecoder@@QAEGPADGE@Z 10024150 f   audiointerfaceimp.obj
 0002:000221c0       ?SetAudioNetRcvParam@CKdvDecoder@@QAEGPBUtagMnetNetParam@@@Z 100241c0 f   audiointerfaceimp.obj
 0002:00022230       ?SetAudioRcvId@CKdvDecoder@@QAEGPBDII@Z 10024230 f   audiointerfaceimp.obj
 0002:000222a0       ?GetAudioRcvId@CKdvDecoder@@QAEGPADPAI1@Z 100242a0 f   audiointerfaceimp.obj
 0002:00022310       ?AudioRcvEnableKeepAlive@CKdvDecoder@@QAEGHPBUtagMnetNetParam@@@Z 10024310 f   audiointerfaceimp.obj
 0002:00022380       ?SetAudioRtcpStatus@CKdvDecoder@@QAEGW4RTCPSTATUS@@@Z 10024380 f   audiointerfaceimp.obj
 0002:000223f0       ?GetAudDecoderStatus@CKdvDecoder@@QAEGAAUKdvDecStatus@@@Z 100243f0 f   audiointerfaceimp.obj
 0002:00022460       ?GetAudDecoderStatis@CKdvDecoder@@QAEGAAUKdvDecStatis@@@Z 10024460 f   audiointerfaceimp.obj
 0002:000224c0       ?StartRcvAudio@CKdvDecoder@@QAEGXZ 100244c0 f   audiointerfaceimp.obj
 0002:00022520       ?StopRcvAudio@CKdvDecoder@@QAEGXZ 10024520 f   audiointerfaceimp.obj
 0002:00022580       ?SetAudDecDblSend@CKdvDecoder@@QAEGPBUtagMnetNetParam@@@Z 10024580 f   audiointerfaceimp.obj
 0002:000225b0       ?SetReverseG7221c@CKdvDecoder@@QAEGH@Z 100245b0 f   audiointerfaceimp.obj
 0002:00022610       ?SetNetFeedbackAudioParam@CKdvDecoder@@QAEGH@Z 10024610 f   audiointerfaceimp.obj
 0002:00022670       ?SetAudFecEnable@CKdvDecoder@@QAEGH@Z 10024670 f   audiointerfaceimp.obj
 0002:000226e0       ?SetAudEnableCrypt@CKdvDecoder@@QAEGHPATTMnetCryptCfg@@@Z 100246e0 f   audiointerfaceimp.obj
 0002:00022750       ?SetAudMnetCryptCfgInit@CKdvDecoder@@QAEGPATTMnetCryptCfg@@H@Z 10024750 f   audiointerfaceimp.obj
 0002:000227c0       ?SetAudMnetCryptCfgSetCipherAlgorithm@CKdvDecoder@@QAEGPATTMnetCryptCfg@@W4TMnetCryptDataType@@W4TMnetCryptAlgoType@@@Z 100247c0 f   audiointerfaceimp.obj
 0002:00022840       ?SetAudMnetCryptCfgSetAuthAlgorithm@CKdvDecoder@@QAEGPATTMnetCryptCfg@@W4TMnetCryptDataType@@W4TMnetCryptAlgoType@@@Z 10024840 f   audiointerfaceimp.obj
 0002:000228c0       ?SetAudMnetCryptCfgSetMasterKey@CKdvDecoder@@QAEGPATTMnetCryptCfg@@W4TMnetCryptDataType@@W4TMnetCryptKeyType@@GPAEW4TMnetCrypKeyLen@@4@Z 100248c0 f   audiointerfaceimp.obj
 0002:00022950       ?SetAudMnetCryptCfgSetCipherKey@CKdvDecoder@@QAEGPATTMnetCryptCfg@@W4TMnetCryptDataType@@GPAE@Z 10024950 f   audiointerfaceimp.obj
 0002:000229d0       ?SetAudMnetCryptCfgSetAuthKey@CKdvDecoder@@QAEGPATTMnetCryptCfg@@W4TMnetCryptDataType@@GPAE@Z 100249d0 f   audiointerfaceimp.obj
 0002:00022a50       ?SetAudMnetCryptCfgSetPkt@CKdvDecoder@@QAEGPATTMnetCryptCfg@@W4TMnetCryptDataType@@W4TMnetCryptPktType@@@Z 10024a50 f   audiointerfaceimp.obj
 0002:00022ad0       ?SetAudMnetCryptCfgSetAuthTag@CKdvDecoder@@QAEGPATTMnetCryptCfg@@W4TMnetCryptDataType@@W4TMnetCryptTagLen@@@Z 10024ad0 f   audiointerfaceimp.obj
 0002:00022b50       ?SetVoiceCheck@CKdvEncoder@@QAEGHPBUtagVoiceCheck@@@Z 10024b50 f   audiointerfaceimp.obj
 0002:00022bd0       ?StartAudioCap@CKdvEncoder@@QAEGXZ 10024bd0 f   audiointerfaceimp.obj
 0002:00022c30       ?StopAudioCap@CKdvEncoder@@QAEGXZ 10024c30 f   audiointerfaceimp.obj
 0002:00022c90       ?StartAudioEnc@CKdvEncoder@@QAEGXZ 10024c90 f   audiointerfaceimp.obj
 0002:00022cf0       ?StopAudioEnc@CKdvEncoder@@QAEGXZ 10024cf0 f   audiointerfaceimp.obj
 0002:00022d50       ?SetAudioEncParam@CKdvEncoder@@QAEGEG@Z 10024d50 f   audiointerfaceimp.obj
 0002:00022dc0       ?GetAudioEncParam@CKdvEncoder@@QAEGAAEAAG@Z 10024dc0 f   audiointerfaceimp.obj
 0002:00022e20       ?SetAudioCallBack@CKdvEncoder@@QAEGP6AXEPBEHI@ZI@Z 10024e20 f   audiointerfaceimp.obj
 0002:00022e90       ?SetAudioCapCallBack@CKdvEncoder@@QAEGP6AXPAX@ZI@Z 10024e90 f   audiointerfaceimp.obj
 0002:00022f10       ?SetAudioCaptureDeviceChangeCB@CKdvEncoder@@QAEGP6AXIABV?$vector@UTDevNameInfo@@V?$allocator@UTDevNameInfo@@@std@@@std@@0@ZI@Z 10024f10 f   audiointerfaceimp.obj
 0002:00022f70       ?SetInputAudioPowerCB@CKdvEncoder@@QAEGP6AXEI@ZI@Z 10024f70 f   audiointerfaceimp.obj
 0002:00022fd0       ?GetAudioMute@CKdvEncoder@@QAEGAAH@Z 10024fd0 f   audiointerfaceimp.obj
 0002:00023030       ?SetAudioMute@CKdvEncoder@@QAEGH@Z 10025030 f   audiointerfaceimp.obj
 0002:00023090       ?SetAudioCapAutoGain@CKdvEncoder@@QAEGH@Z 10025090 f   audiointerfaceimp.obj
 0002:000230f0       ?GetAudioCapAutoGain@CKdvEncoder@@QAEGAAH@Z 100250f0 f   audiointerfaceimp.obj
 0002:00023150       ?SetAudioSoftVolume@CKdvEncoder@@QAEGE@Z 10025150 f   audiointerfaceimp.obj
 0002:000231b0       ?SetAudioVolume@CKdvEncoder@@QAEGE@Z 100251b0 f   audiointerfaceimp.obj
 0002:00023220       ?GetAudioSoftVolume@CKdvEncoder@@QAEGAAE@Z 10025220 f   audiointerfaceimp.obj
 0002:00023280       ?GetAudioVolume@CKdvEncoder@@QAEGAAE@Z 10025280 f   audiointerfaceimp.obj
 0002:000232f0       ?SetNetFeedbackAudioParam@CKdvEncoder@@QAEGGH@Z 100252f0 f   audiointerfaceimp.obj
 0002:00023360       ?DestroyAudioEncoder@CKdvEncoder@@IAEXXZ 10025360 f   audiointerfaceimp.obj
 0002:00023400       ?InitialAudioEncoder@CKdvEncoder@@QAEGABUtagInitAudEncoder@@@Z 10025400 f   audiointerfaceimp.obj
 0002:00023500       ?SelectAudioSource@CKdvEncoder@@QAEGPB_W0@Z 10025500 f   audiointerfaceimp.obj
 0002:00023560       ?GetCurAudCapDev@CKdvEncoder@@QAEGAAUTDevNameInfo@@@Z 10025560 f   audiointerfaceimp.obj
 0002:000235c0       ?RefreshAudCapDevList@CKdvEncoder@@QAEXAAV?$vector@UTDevNameInfo@@V?$allocator@UTDevNameInfo@@@std@@@std@@AAI@Z 100255c0 f   audiointerfaceimp.obj
 0002:000237c0       ?SetNetAudioResend@CKdvEncoder@@QAEGH@Z 100257c0 f   audiointerfaceimp.obj
 0002:00023830       ?SetAudNetSndBand@CKdvEncoder@@QAEGI@Z 10025830 f   audiointerfaceimp.obj
 0002:000238a0       ?SetNetSndAudioParam@CKdvEncoder@@QAEGPBUtagMnetNetParam@@@Z 100258a0 f   audiointerfaceimp.obj
 0002:00023910       ?SetAudioSendId@CKdvEncoder@@QAEGPBDII@Z 10025910 f   audiointerfaceimp.obj
 0002:00023980       ?GetAudioSendId@CKdvEncoder@@QAEGPADPAI1@Z 10025980 f   audiointerfaceimp.obj
 0002:000239f0       ?AudioSendEnableKeepAlive@CKdvEncoder@@QAEGHPBUtagMnetNetParam@@@Z 100259f0 f   audiointerfaceimp.obj
 0002:00023a60       ?AudioEnableRtpExStrip@CKdvEncoder@@QAEGH@Z 10025a60 f   audiointerfaceimp.obj
 0002:00023ad0       ?SetAudioRtcpStatus@CKdvEncoder@@QAEGW4RTCPSTATUS@@@Z 10025ad0 f   audiointerfaceimp.obj
 0002:00023b40       ?StartSendAudio@CKdvEncoder@@QAEGH@Z 10025b40 f   audiointerfaceimp.obj
 0002:00023bb0       ?StopSendAudio@CKdvEncoder@@QAEGXZ 10025bb0 f   audiointerfaceimp.obj
 0002:00023c10       ?SetAudFecEnable@CKdvEncoder@@QAEGH@Z 10025c10 f   audiointerfaceimp.obj
 0002:00023c70       ?SetAudFecPackLen@CKdvEncoder@@QAEGG@Z 10025c70 f   audiointerfaceimp.obj
 0002:00023cd0       ?SetAudFecIntraFrame@CKdvEncoder@@QAEGH@Z 10025cd0 f   audiointerfaceimp.obj
 0002:00023d30       ?SetAudFecMode@CKdvEncoder@@QAEGE@Z 10025d30 f   audiointerfaceimp.obj
 0002:00023d90       ?SetAudFecXY@CKdvEncoder@@QAEGHH@Z 10025d90 f   audiointerfaceimp.obj
 0002:00023df0       ?SetAudioActivePT@CKdvEncoder@@QAEGEE@Z 10025df0 f   audiointerfaceimp.obj
 0002:00023e60       ?SetAudEncryptKey@CKdvEncoder@@QAEGPADGE@Z 10025e60 f   audiointerfaceimp.obj
 0002:00023ed0       ?SetReverseG7221c@CKdvEncoder@@QAEGH@Z 10025ed0 f   audiointerfaceimp.obj
 0002:00023f40       ?RefreshPlayDevList@CKdvDecoder@@QAEXAAV?$vector@UTDevNameInfo@@V?$allocator@UTDevNameInfo@@@std@@@std@@AAI@Z 10025f40 f   audiointerfaceimp.obj
 0002:00024140       ?SetAudioCapTest@CKdvEncoder@@QAEGH@Z 10026140 f   audiointerfaceimp.obj
 0002:000241a0       ?SetAudEnableCrypt@CKdvEncoder@@QAEGHPATTMnetCryptCfg@@@Z 100261a0 f   audiointerfaceimp.obj
 0002:00024210       ?SetAudMnetCryptCfgInit@CKdvEncoder@@QAEGPATTMnetCryptCfg@@H@Z 10026210 f   audiointerfaceimp.obj
 0002:00024280       ?SetAudMnetCryptCfgSetCipherAlgorithm@CKdvEncoder@@QAEGPATTMnetCryptCfg@@W4TMnetCryptDataType@@W4TMnetCryptAlgoType@@@Z 10026280 f   audiointerfaceimp.obj
 0002:00024300       ?SetAudMnetCryptCfgSetAuthAlgorithm@CKdvEncoder@@QAEGPATTMnetCryptCfg@@W4TMnetCryptDataType@@W4TMnetCryptAlgoType@@@Z 10026300 f   audiointerfaceimp.obj
 0002:00024380       ?SetAudMnetCryptCfgSetMasterKey@CKdvEncoder@@QAEGPATTMnetCryptCfg@@W4TMnetCryptDataType@@W4TMnetCryptKeyType@@GPAEW4TMnetCrypKeyLen@@4@Z 10026380 f   audiointerfaceimp.obj
 0002:00024410       ?SetAudMnetCryptCfgSetCipherKey@CKdvEncoder@@QAEGPATTMnetCryptCfg@@W4TMnetCryptDataType@@GPAE@Z 10026410 f   audiointerfaceimp.obj
 0002:00024490       ?SetAudMnetCryptCfgSetAuthKey@CKdvEncoder@@QAEGPATTMnetCryptCfg@@W4TMnetCryptDataType@@GPAE@Z 10026490 f   audiointerfaceimp.obj
 0002:00024510       ?SetAudMnetCryptCfgSetPkt@CKdvEncoder@@QAEGPATTMnetCryptCfg@@W4TMnetCryptDataType@@W4TMnetCryptPktType@@@Z 10026510 f   audiointerfaceimp.obj
 0002:00024590       ?SetAudMnetCryptCfgSetAuthTag@CKdvEncoder@@QAEGPATTMnetCryptCfg@@W4TMnetCryptDataType@@W4TMnetCryptTagLen@@@Z 10026590 f   audiointerfaceimp.obj
 0002:00024610       ?_Copy_s@?$basic_string@_WU?$char_traits@_W@std@@V?$allocator@_W@2@@std@@QBEIPA_WIII@Z 10026610 f i audiointerfaceimp.obj
 0002:000246a0       ?_Copy_s@?$char_traits@_W@std@@SAPA_WPA_WIPB_WI@Z 100266a0 f i audiointerfaceimp.obj
 0002:000246f0       ?push_back@?$vector@UTDevNameInfo@@V?$allocator@UTDevNameInfo@@@std@@@std@@QAEXABUTDevNameInfo@@@Z 100266f0 f i audiointerfaceimp.obj
 0002:00024820       ?clear@?$vector@UTDevNameInfo@@V?$allocator@UTDevNameInfo@@@std@@@std@@QAEXXZ 10026820 f i audiointerfaceimp.obj
 0002:000248b0       ?begin@?$vector@UTDevNameInfo@@V?$allocator@UTDevNameInfo@@@std@@@std@@QAE?AV?$_Vector_iterator@V?$_Vector_val@UTDevNameInfo@@V?$allocator@UTDevNameInfo@@@std@@@std@@@2@XZ 100268b0 f i audiointerfaceimp.obj
 0002:00024900       ?end@?$vector@UTDevNameInfo@@V?$allocator@UTDevNameInfo@@@std@@@std@@QAE?AV?$_Vector_iterator@V?$_Vector_val@UTDevNameInfo@@V?$allocator@UTDevNameInfo@@@std@@@std@@@2@XZ 10026900 f i audiointerfaceimp.obj
 0002:00024950       ?erase@?$vector@UTDevNameInfo@@V?$allocator@UTDevNameInfo@@@std@@@std@@QAE?AV?$_Vector_iterator@V?$_Vector_val@UTDevNameInfo@@V?$allocator@UTDevNameInfo@@@std@@@std@@@2@V?$_Vector_const_iterator@V?$_Vector_val@UTDevNameInfo@@V?$allocator@UTDevNameInfo@@@std@@@std@@@2@0@Z 10026950 f i audiointerfaceimp.obj
 0002:00024a60       ?_Inside@?$vector@UTDevNameInfo@@V?$allocator@UTDevNameInfo@@@std@@@std@@IBE_NPBUTDevNameInfo@@@Z 10026a60 f i audiointerfaceimp.obj
 0002:00024ac0       ?_Reserve@?$vector@UTDevNameInfo@@V?$allocator@UTDevNameInfo@@@std@@@std@@IAEXI@Z 10026ac0 f i audiointerfaceimp.obj
 0002:00024b50       ?_Orphan_range@?$vector@UTDevNameInfo@@V?$allocator@UTDevNameInfo@@@std@@@std@@IBEXPAUTDevNameInfo@@0@Z 10026b50 f i audiointerfaceimp.obj
 0002:00024b80       ?reserve@?$vector@UTDevNameInfo@@V?$allocator@UTDevNameInfo@@@std@@@std@@QAEXI@Z 10026b80 f i audiointerfaceimp.obj
 0002:00024d00       ?capacity@?$vector@UTDevNameInfo@@V?$allocator@UTDevNameInfo@@@std@@@std@@QBEIXZ 10026d00 f i audiointerfaceimp.obj
 0002:00024d40       ?_Make_iter@?$vector@UTDevNameInfo@@V?$allocator@UTDevNameInfo@@@std@@@std@@QBE?AV?$_Vector_iterator@V?$_Vector_val@UTDevNameInfo@@V?$allocator@UTDevNameInfo@@@std@@@std@@@2@V?$_Vector_const_iterator@V?$_Vector_val@UTDevNameInfo@@V?$allocator@UTDevNameInfo@@@std@@@std@@@2@@Z 10026d40 f i audiointerfaceimp.obj
 0002:00024d90       ?size@?$vector@UTDevNameInfo@@V?$allocator@UTDevNameInfo@@@std@@@std@@QBEIXZ 10026d90 f i audiointerfaceimp.obj
 0002:00024dd0       ?max_size@?$vector@UTDevNameInfo@@V?$allocator@UTDevNameInfo@@@std@@@std@@QBEIXZ 10026dd0 f i audiointerfaceimp.obj
 0002:00024e20       ?_Destroy@?$vector@UTDevNameInfo@@V?$allocator@UTDevNameInfo@@@std@@@std@@IAEXPAUTDevNameInfo@@0@Z 10026e20 f i audiointerfaceimp.obj
 0002:00024e70       ?_Grow_to@?$vector@UTDevNameInfo@@V?$allocator@UTDevNameInfo@@@std@@@std@@IBEII@Z 10026e70 f i audiointerfaceimp.obj
 0002:00024f00       ?_Xlen@?$vector@UTDevNameInfo@@V?$allocator@UTDevNameInfo@@@std@@@std@@IBEXXZ 10026f00 f i audiointerfaceimp.obj
 0002:00024f50       ??0?$_Vector_iterator@V?$_Vector_val@UTDevNameInfo@@V?$allocator@UTDevNameInfo@@@std@@@std@@@std@@QAE@PAUTDevNameInfo@@PBU_Container_base0@1@@Z 10026f50 f i audiointerfaceimp.obj
 0002:00024fa0       ??9?$_Vector_const_iterator@V?$_Vector_val@UTDevNameInfo@@V?$allocator@UTDevNameInfo@@@std@@@std@@@std@@QBE_NABV01@@Z 10026fa0 f i audiointerfaceimp.obj
 0002:00024ff0       ?deallocate@?$allocator@UTDevNameInfo@@@std@@QAEXPAUTDevNameInfo@@I@Z 10026ff0 f i audiointerfaceimp.obj
 0002:00025040       ?allocate@?$allocator@UTDevNameInfo@@@std@@QAEPAUTDevNameInfo@@I@Z 10027040 f i audiointerfaceimp.obj
 0002:00025090       ?max_size@?$allocator@UTDevNameInfo@@@std@@QBEIXZ 10027090 f i audiointerfaceimp.obj
[...]
      174    ?SetVidFecPackLen@CKdvEncoder@@QAEGG@Z (public: unsigned short __thiscall CKdvEncoder::SetVidFecPackLen(unsigned short))
      175    ?SetVidFecXY@CKdvEncoder@@QAEGHH@Z (public: unsigned short __thiscall CKdvEncoder::SetVidFecXY(int,int))
      176    ?SetVidMnetCryptCfgInit@CKdvDecoder@@QAEGPATTMnetCryptCfg@@H@Z (public: unsigned short __thiscall CKdvDecoder::SetVidMnetCryptCfgInit(union TMnetCryptCfg *,int))
      177    ?SetVidMnetCryptCfgInit@CKdvEncoder@@QAEGPATTMnetCryptCfg@@H@Z (public: unsigned short __thiscall CKdvEncoder::SetVidMnetCryptCfgInit(union TMnetCryptCfg *,int))
      178    ?SetVidMnetCryptCfgSetAuthAlgorithm@CKdvDecoder@@QAEGPATTMnetCryptCfg@@W4TMnetCryptDataType@@W4TMnetCryptAlgoType@@@Z (public: unsigned short __thiscall CKdvDecoder::SetVidMnetCryptCfgSetAuthAlgorithm(union TMnetCryptCfg *,enum TMnetCryptDataType,enum TMnetCryptAlgoType))
      179    ?SetVidMnetCryptCfgSetAuthAlgorithm@CKdvEncoder@@QAEGPATTMnetCryptCfg@@W4TMnetCryptDataType@@W4TMnetCryptAlgoType@@@Z (public: unsigned short __thiscall CKdvEncoder::SetVidMnetCryptCfgSetAuthAlgorithm(union TMnetCryptCfg *,enum TMnetCryptDataType,enum TMnetCryptAlgoType))
      180    ?SetVidMnetCryptCfgSetAuthKey@CKdvDecoder@@QAEGPATTMnetCryptCfg@@W4TMnetCryptDataType@@GPAE@Z (public: unsigned short __thiscall CKdvDecoder::SetVidMnetCryptCfgSetAuthKey(union TMnetCryptCfg *,enum TMnetCryptDataType,unsigned short,unsigned char *))
      181    ?SetVidMnetCryptCfgSetAuthKey@CKdvEncoder@@QAEGPATTMnetCryptCfg@@W4TMnetCryptDataType@@GPAE@Z (public: unsigned short __thiscall CKdvEncoder::SetVidMnetCryptCfgSetAuthKey(union TMnetCryptCfg *,enum TMnetCryptDataType,unsigned short,unsigned char *))
      182    ?SetVidMnetCryptCfgSetAuthTag@CKdvDecoder@@QAEGPATTMnetCryptCfg@@W4TMnetCryptDataType@@W4TMnetCryptTagLen@@@Z (public: unsigned short __thiscall CKdvDecoder::SetVidMnetCryptCfgSetAuthTag(union TMnetCryptCfg *,enum TMnetCryptDataType,enum TMnetCryptTagLen))
      183    ?SetVidMnetCryptCfgSetAuthTag@CKdvEncoder@@QAEGPATTMnetCryptCfg@@W4TMnetCryptDataType@@W4TMnetCryptTagLen@@@Z (public: unsigned short __thiscall CKdvEncoder::SetVidMnetCryptCfgSetAuthTag(union TMnetCryptCfg *,enum TMnetCryptDataType,enum TMnetCryptTagLen))
      184    ?SetVidMnetCryptCfgSetCipherAlgorithm@CKdvDecoder@@QAEGPATTMnetCryptCfg@@W4TMnetCryptDataType@@W4TMnetCryptAlgoType@@@Z (public: unsigned short __thiscall CKdvDecoder::SetVidMnetCryptCfgSetCipherAlgorithm(union TMnetCryptCfg *,enum TMnetCryptDataType,enum TMnetCryptAlgoType))
      185    ?SetVidMnetCryptCfgSetCipherAlgorithm@CKdvEncoder@@QAEGPATTMnetCryptCfg@@W4TMnetCryptDataType@@W4TMnetCryptAlgoType@@@Z (public: unsigned short __thiscall CKdvEncoder::SetVidMnetCryptCfgSetCipherAlgorithm(union TMnetCryptCfg *,enum TMnetCryptDataType,enum TMnetCryptAlgoType))
      186    ?SetVidMnetCryptCfgSetCipherKey@CKdvDecoder@@QAEGPATTMnetCryptCfg@@W4TMnetCryptDataType@@GPAE@Z (public: unsigned short __thiscall CKdvDecoder::SetVidMnetCryptCfgSetCipherKey(union TMnetCryptCfg *,enum TMnetCryptDataType,unsigned short,unsigned char *))
      187    ?SetVidMnetCryptCfgSetCipherKey@CKdvEncoder@@QAEGPATTMnetCryptCfg@@W4TMnetCryptDataType@@GPAE@Z (public: unsigned short __thiscall CKdvEncoder::SetVidMnetCryptCfgSetCipherKey(union TMnetCryptCfg *,enum TMnetCryptDataType,unsigned short,unsigned char *))
      188    ?SetVidMnetCryptCfgSetMasterKey@CKdvDecoder@@QAEGPATTMnetCryptCfg@@W4TMnetCryptDataType@@W4TMnetCryptKeyType@@GPAEW4TMnetCrypKeyLen@@4@Z (public: unsigned short __thiscall CKdvDecoder::SetVidMnetCryptCfgSetMasterKey(union TMnetCryptCfg *,enum TMnetCryptDataType,enum TMnetCryptKeyType,unsigned short,unsigned char *,enum TMnetCrypKeyLen,enum TMnetCrypKeyLen))
      189    ?SetVidMnetCryptCfgSetMasterKey@CKdvEncoder@@QAEGPATTMnetCryptCfg@@W4TMnetCryptDataType@@W4TMnetCryptKeyType@@GPAEW4TMnetCrypKeyLen@@4@Z (public: unsigned short __thiscall CKdvEncoder::SetVidMnetCryptCfgSetMasterKey(union TMnetCryptCfg *,enum TMnetCryptDataType,enum TMnetCryptKeyType,unsigned short,unsigned char *,enum TMnetCrypKeyLen,enum TMnetCrypKeyLen))
      190    ?SetVidMnetCryptCfgSetPkt@CKdvDecoder@@QAEGPATTMnetCryptCfg@@W4TMnetCryptDataType@@W4TMnetCryptPktType@@@Z (public: unsigned short __thiscall CKdvDecoder::SetVidMnetCryptCfgSetPkt(union TMnetCryptCfg *,enum TMnetCryptDataType,enum TMnetCryptPktType))
      191    ?SetVidMnetCryptCfgSetPkt@CKdvEncoder@@QAEGPATTMnetCryptCfg@@W4TMnetCryptDataType@@W4TMnetCryptPktType@@@Z (public: unsigned short __thiscall CKdvEncoder::SetVidMnetCryptCfgSetPkt(union TMnetCryptCfg *,enum TMnetCryptDataType,enum TMnetCryptPktType))
      192    ?SetVideoActivePT@CKdvDecoder@@QAEGEE@Z (public: unsigned short __thiscall CKdvDecoder::SetVideoActivePT(unsigned char,unsigned char))
      193    ?SetVideoActivePT@CKdvDecoder@@QAEGUtagMapSet@@@Z (public: unsigned short __thiscall CKdvDecoder::SetVideoActivePT(struct tagMapSet))
      194    ?SetVideoActivePT@CKdvEncoder@@QAEGEE@Z (public: unsigned short __thiscall CKdvEncoder::SetVideoActivePT(unsigned char,unsigned char))
      195    ?SetVideoCapStdCB@CKdvEncoder@@QAEGP6AXIII@ZI@Z (public: unsigned short __thiscall CKdvEncoder::SetVideoCapStdCB(void (__cdecl*)(unsigned int,unsigned int,unsigned int),unsigned int))
      196    ?SetVideoDecI420CallBack@CKdvDecoder@@QAEGP6AXPAEHFFI@ZI@Z (public: unsigned short __thiscall CKdvDecoder::SetVideoDecI420CallBack(void (__cdecl*)(unsigned char *,int,short,short,unsigned int),unsigned int))
      197    ?SetVideoDeviceCheckCB@CKdvEncoder@@QAEGP6AXIABV?$vector@UTDevNameInfo@@V?$allocator@UTDevNameInfo@@@std@@@std@@0@ZI@Z (public: unsigned short __thiscall CKdvEncoder::SetVideoDeviceCheckCB(void (__cdecl*)(unsigned int,class std::vector<struct TDevNameInfo,class std::allocator<struct TDevNameInfo> > const &,class std::vector<struct TDevNameInfo,class std::allocator<struct TDevNameInfo> > const &),unsigned int))
      198    ?SetVideoEncParam@CKdvEncoder@@QAEGPBUVideoEncParam@@@Z (public: unsigned short __thiscall CKdvEncoder::SetVideoEncParam(struct VideoEncParam const *))
      199    ?SetVideoIcon@CKdvEncoder@@QAEGH@Z (public: unsigned short __thiscall CKdvEncoder::SetVideoIcon(int))
      200    ?SetVideoNetRcvParam@CKdvDecoder@@QAEGPBUtagMnetNetParam@@@Z (public: unsigned short __thiscall CKdvDecoder::SetVideoNetRcvParam(struct tagMnetNetParam const *))
      201    ?SetVideoRcvId@CKdvDecoder@@QAEGPBDII@Z (public: unsigned short __thiscall CKdvDecoder::SetVideoRcvId(char const *,unsigned int,unsigned int))
      202    ?SetVideoRtcpStatus@CKdvDecoder@@QAEGW4RTCPSTATUS@@@Z (public: unsigned short __thiscall CKdvDecoder::SetVideoRtcpStatus(enum RTCPSTATUS))
      203    ?SetVideoRtcpStatus@CKdvEncoder@@QAEGW4RTCPSTATUS@@@Z (public: unsigned short __thiscall CKdvEncoder::SetVideoRtcpStatus(enum RTCPSTATUS))
      204    ?SetVideoSendId@CKdvEncoder@@QAEGPBDII@Z (public: unsigned short __thiscall CKdvEncoder::SetVideoSendId(char const *,unsigned int,unsigned int))
      205    ?SetVoiceCheck@CKdvEncoder@@QAEGHPBUtagVoiceCheck@@@Z (public: unsigned short __thiscall CKdvEncoder::SetVoiceCheck(int,struct tagVoiceCheck const *))
      206    ?ShowPreview@CKdvEncoder@@QAEGH@Z (public: unsigned short __thiscall CKdvEncoder::ShowPreview(int))
      207    ?StartAudioCap@CKdvEncoder@@QAEGXZ (public: unsigned short __thiscall CKdvEncoder::StartAudioCap(void))
      208    ?StartAudioDec@CKdvDecoder@@QAEGXZ (public: unsigned short __thiscall CKdvDecoder::StartAudioDec(void))
      209    ?StartAudioEnc@CKdvEncoder@@QAEGXZ (public: unsigned short __thiscall CKdvEncoder::StartAudioEnc(void))
      210    ?StartRcvAudio@CKdvDecoder@@QAEGXZ (public: unsigned short __thiscall CKdvDecoder::StartRcvAudio(void))
      211    ?StartRcvVideo@CKdvDecoder@@QAEGXZ (public: unsigned short __thiscall CKdvDecoder::StartRcvVideo(void))
      212    ?StartSendAudio@CKdvEncoder@@QAEGH@Z (public: unsigned short __thiscall CKdvEncoder::StartSendAudio(int))
      213    ?StartSendVideo@CKdvEncoder@@QAEGH@Z (public: unsigned short __thiscall CKdvEncoder::StartSendVideo(int))
      214    ?StartVideoCap@CKdvEncoder@@QAEGXZ (public: unsigned short __thiscall CKdvEncoder::StartVideoCap(void))
      215    ?StartVideoDec@CKdvDecoder@@QAEGXZ (public: unsigned short __thiscall CKdvDecoder::StartVideoDec(void))
      216    ?StartVideoEnc@CKdvEncoder@@QAEGXZ (public: unsigned short __thiscall CKdvEncoder::StartVideoEnc(void))
      217    ?StopAudioCap@CKdvEncoder@@QAEGXZ (public: unsigned short __thiscall CKdvEncoder::StopAudioCap(void))
      218    ?StopAudioDec@CKdvDecoder@@QAEGXZ (public: unsigned short __thiscall CKdvDecoder::StopAudioDec(void))
      219    ?StopAudioEnc@CKdvEncoder@@QAEGXZ (public: unsigned short __thiscall CKdvEncoder::StopAudioEnc(void))
      220    ?StopRcvAudio@CKdvDecoder@@QAEGXZ (public: unsigned short __thiscall CKdvDecoder::StopRcvAudio(void))
      221    ?StopRcvVideo@CKdvDecoder@@QAEGXZ (public: unsigned short __thiscall CKdvDecoder::StopRcvVideo(void))
      222    ?StopSendAudio@CKdvEncoder@@QAEGXZ (public: unsigned short __thiscall CKdvEncoder::StopSendAudio(void))
      223    ?StopSendVideo@CKdvEncoder@@QAEGXZ (public: unsigned short __thiscall CKdvEncoder::StopSendVideo(void))
      224    ?StopVideoCap@CKdvEncoder@@QAEGXZ (public: unsigned short __thiscall CKdvEncoder::StopVideoCap(void))
      225    ?StopVideoDec@CKdvDecoder@@QAEGXZ (public: unsigned short __thiscall CKdvDecoder::StopVideoDec(void))
      226    ?StopVideoEnc@CKdvEncoder@@QAEGXZ (public: unsigned short __thiscall CKdvEncoder::StopVideoEnc(void))
      227    ?UnFreezeVideo@CKdvDecoder@@QAEGXZ (public: unsigned short __thiscall CKdvDecoder::UnFreezeVideo(void))
      228    ?VideoEnableRtpExStrip@CKdvEncoder@@QAEGH@Z (public: unsigned short __thiscall CKdvEncoder::VideoEnableRtpExStrip(int))
      229    ?VideoRcvEnableKeepAlive@CKdvDecoder@@QAEGHPBUtagMnetNetParam@@@Z (public: unsigned short __thiscall CKdvDecoder::VideoRcvEnableKeepAlive(int,struct tagMnetNetParam const *))
      230    ?VideoSendEnableKeepAlive@CKdvEncoder@@QAEGHPBUtagMnetNetParam@@@Z (public: unsigned short __thiscall CKdvEncoder::VideoSendEnableKeepAlive(int,struct tagMnetNetParam const *))
      231    _RegisVidDecoder
               exported name: RegisVidDecoder
      232    _RegisVidEncoder
               exported name: RegisVidEncoder
      233    _RegistAudDecoder
               exported name: RegistAudDecoder
      234    _RegistAudEncoder
               exported name: RegistAudEncoder
      235    _UnInitKdvFunc
               exported name: UnInitKdvFunc
      236    _UnRegisVidDecoder
               exported name: UnRegisVidDecoder
      237    _UnRegisVidEncoder
               exported name: UnRegisVidEncoder
      238    _addlogo
               exported name: addlogo
      239    _adump
               exported name: adump
      240    _aecdelay
               exported name: aecdelay
      241    _aecreset
               exported name: aecreset
      242    _aecstatis
               exported name: aecstatis
      243    _captest
               exported name: captest
      244    _clearauddecbuf
               exported name: clearauddecbuf
      245    _clearwnd
               exported name: clearwnd
      246    _closerecorder
               exported name: closerecorder
      247    _codechelp
               exported name: codechelp
      248    _cpustatus
               exported name: cpustatus
      249    _createauddeccwrapper
               exported name: createauddeccwrapper
      250    _createaudencwrapper
               exported name: createaudencwrapper
      251    _createrecorder
               exported name: createrecorder
      252    _createviddecwrapper
               exported name: createviddecwrapper
      253    _createvidencwrapper
               exported name: createvidencwrapper
      254    _declogon
               exported name: declogon
      255    _deletallpcmwnd
               exported name: deletallpcmwnd
      256    _deskcapstatus
               exported name: deskcapstatus
      257    _destoryviddecwrapper
               exported name: destoryviddecwrapper
      258    _destoryvidencwrapper
               exported name: destoryvidencwrapper
      259    _destroyauddeccwrapper
               exported name: destroyauddeccwrapper
      260    _destroyaudencwrapper
               exported name: destroyaudencwrapper
      261    _drawpcmhwnd
               exported name: drawpcmhwnd
      262    _enablesingleslice
               exported name: enablesingleslice
      263    _enclogon
               exported name: enclogon
      264    _fastupdate
               exported name: fastupdate
      265    _getauddecspelevel
               exported name: getauddecspelevel
      266    _getaudrat
               exported name: getaudrat
      267    _getautogain
               exported name: getautogain
      268    _getcuraudiodevice
               exported name: getcuraudiodevice
      269    _getcurcampa
               exported name: getcurcampa
      270    _getcurviddevice
               exported name: getcurviddevice
      271    _getdecsysvol
               exported name: getdecsysvol
      272    _getdecvol
               exported name: getdecvol
      273    _getdefaultcampa
               exported name: getdefaultcampa
      274    _getencvol
               exported name: getencvol
      275    _getfilepath
               exported name: getfilepath
      276    _getnetpercent
               exported name: getnetpercent
      277    _getnetstatus
               exported name: getnetstatus
      278    _getsingleslicestatus
               exported name: getsingleslicestatus
      279    _getsysvol
               exported name: getsysvol
      280    _initgloble
               exported name: initgloble
      281    _initmediasdk
               exported name: initmediasdk
      282    _kdvaectest
               exported name: kdvaectest
      283    _opensysaec
               exported name: opensysaec
      284    _pause
               exported name: pause
      285    _plytest
               exported name: plytest
      286    _printallaudiodevice
               exported name: printallaudiodevice
      287    _printallcameras
               exported name: printallcameras
      288    _resume
               exported name: resume
      289    _saveadec
               exported name: saveadec
      290    _saveaec
               exported name: saveaec
      291    _saveaenc
               exported name: saveaenc
      292    _savevdec
               exported name: savevdec
      293    _savevenc
               exported name: savevenc
      294    _selectaudcap
               exported name: selectaudcap
      295    _selectaudplay
               exported name: selectaudplay
      296    _selectcam
               exported name: selectcam
      297    _setVidDecZoomPolicy
               exported name: setVidDecZoomPolicy
      298    _setalarmconfig
               exported name: setalarmconfig
      299    _setauddecfecenable
               exported name: setauddecfecenable
      300    _setauddecryptkey
               exported name: setauddecryptkey
      301    _setauddecspelevel
               exported name: setauddecspelevel
      302    _setaudencfecenable
               exported name: setaudencfecenable
      303    _setaudencpt
               exported name: setaudencpt
      304    _setaudencryptkey
               exported name: setaudencryptkey
      305    _setaudmode
               exported name: setaudmode
      306    _setaudnetband
               exported name: setaudnetband
      307    _setaudrat
               exported name: setaudrat
      308    _setaudrecvparam
               exported name: setaudrecvparam
      309    _setaudresend
               exported name: setaudresend
      310    _setaudsendparam
               exported name: setaudsendparam
      311    _setautogain
               exported name: setautogain
      312    _setcapzoommode
               exported name: setcapzoommode
      313    _setconfigpath
               exported name: setconfigpath
      314    _setcurcampa
               exported name: setcurcampa
      315    _setdecaudmute
               exported name: setdecaudmute
      316    _setdecreve
               exported name: setdecreve
      317    _setdecsysvol
               exported name: setdecsysvol
      318    _setdecvol
               exported name: setdecvol
      319    _setdefaultparam
               exported name: setdefaultparam
      320    _setdiskcheckcb
               exported name: setdiskcheckcb
      321    _setdrawhwd
               exported name: setdrawhwd
      322    _setencaudmute
               exported name: setencaudmute
      323    _setencbitrate
               exported name: setencbitrate
      324    _setencframerate
               exported name: setencframerate
      325    _setenclevel
               exported name: setenclevel
      326    _setencmaxkeyinterval
               exported name: setencmaxkeyinterval
      327    _setencplaywnd
               exported name: setencplaywnd
      328    _setencpt
               exported name: setencpt
      329    _setencqp
               exported name: setencqp
      330    _setencsize
               exported name: setencsize
      331    _setencvol
               exported name: setencvol
      332    _setonlykeyframe
               exported name: setonlykeyframe
      333    _setprewnd
               exported name: setprewnd
      334    _setprt
               exported name: setprt
      335    _setreve
               exported name: setreve
      336    _setstaticbmp
               exported name: setstaticbmp
      337    _setsysvol
               exported name: setsysvol
      338    _setvdecplaywnd
               exported name: setvdecplaywnd
      339    _setvenctype
               exported name: setvenctype
      340    _setviddecfecenable
               exported name: setviddecfecenable
      341    _setviddecpt
               exported name: setviddecpt
      342    _setvidencfecenable
               exported name: setvidencfecenable
      343    _setvidrecvparam
               exported name: setvidrecvparam
      344    _setvidrecvpayload
               exported name: setvidrecvpayload
      345    _setvidsendparam
               exported name: setvidsendparam
      346    _setvidsndbwe
               exported name: setvidsndbwe
      347    _startaudcap
               exported name: startaudcap
      348    _startauddec
               exported name: startauddec
      349    _startaudenc
               exported name: startaudenc
      350    _startaudplay
               exported name: startaudplay
      351    _startaudrecv
               exported name: startaudrecv
      352    _startaudsend
               exported name: startaudsend
      353    _startresnd
               exported name: startresnd
      354    _startvidcap
               exported name: startvidcap
      355    _startviddec
               exported name: startviddec
      356    _startvidenc
               exported name: startvidenc
      357    _startvidrecv
               exported name: startvidrecv
      358    _startvidsend
               exported name: startvidsend
      359    _testaudcap
               exported name: testaudcap
      360    _testaudplay
               exported name: testaudplay
      361    _unitglobe
               exported name: unitglobe
      362    _vdecsnapshot
               exported name: vdecsnapshot
      363    _vdecstatis
               exported name: vdecstatis
      364    _vdecstatus
               exported name: vdecstatus
      365    _vencsnapshot
               exported name: vencsnapshot
      366    _vencstatis
               exported name: vencstatis
      367    _vencstatus
               exported name: vencstatus
      368    _waitkeyframe
               exported name: waitkeyframe
